Archive member included because of file (symbol)

/home/craig/gcc/arm/lib/gcc/arm-none-eabi/4.6.2/../../../../arm-none-eabi/lib/thumb/cortex-m4/libc.a(lib_a-memcpy.o)
                              build/obj/usb_lld.o (memcpy)
/home/craig/gcc/arm/lib/gcc/arm-none-eabi/4.6.2/../../../../arm-none-eabi/lib/thumb/cortex-m4/libc.a(lib_a-memset.o)
                              build/obj/usb.o (memset)

Discarded input sections

 .text          0x0000000000000000        0x0 build/obj/crt0.o
 .data          0x0000000000000000        0x0 build/obj/crt0.o
 .bss           0x0000000000000000        0x0 build/obj/crt0.o
 .text.__early_init
                0x0000000000000000       0x10 build/obj/crt0.o
 .text          0x0000000000000000        0x0 build/obj/vectors.o
 .data          0x0000000000000000        0x0 build/obj/vectors.o
 .bss           0x0000000000000000        0x0 build/obj/vectors.o
 .text          0x0000000000000000        0x0 build/obj/chcore.o
 .data          0x0000000000000000        0x0 build/obj/chcore.o
 .bss           0x0000000000000000        0x0 build/obj/chcore.o
 .text          0x0000000000000000        0x0 build/obj/chcore_v7m.o
 .data          0x0000000000000000        0x0 build/obj/chcore_v7m.o
 .bss           0x0000000000000000        0x0 build/obj/chcore_v7m.o
 .text          0x0000000000000000        0x0 build/obj/nvic.o
 .data          0x0000000000000000        0x0 build/obj/nvic.o
 .bss           0x0000000000000000        0x0 build/obj/nvic.o
 .text.nvicDisableVector
                0x0000000000000000       0x40 build/obj/nvic.o
 .text          0x0000000000000000        0x0 build/obj/chsys.o
 .data          0x0000000000000000        0x0 build/obj/chsys.o
 .bss           0x0000000000000000        0x0 build/obj/chsys.o
 .text          0x0000000000000000        0x0 build/obj/chdebug.o
 .data          0x0000000000000000        0x0 build/obj/chdebug.o
 .bss           0x0000000000000000        0x0 build/obj/chdebug.o
 .text          0x0000000000000000        0x0 build/obj/chlists.o
 .data          0x0000000000000000        0x0 build/obj/chlists.o
 .bss           0x0000000000000000        0x0 build/obj/chlists.o
 .text          0x0000000000000000        0x0 build/obj/chvt.o
 .data          0x0000000000000000        0x0 build/obj/chvt.o
 .bss           0x0000000000000000        0x0 build/obj/chvt.o
 .text.chTimeIsWithin
                0x0000000000000000       0x40 build/obj/chvt.o
 .text          0x0000000000000000        0x0 build/obj/chschd.o
 .data          0x0000000000000000        0x0 build/obj/chschd.o
 .bss           0x0000000000000000        0x0 build/obj/chschd.o
 .text          0x0000000000000000        0x0 build/obj/chthreads.o
 .data          0x0000000000000000        0x0 build/obj/chthreads.o
 .bss           0x0000000000000000        0x0 build/obj/chthreads.o
 .text.chThdSetPriority
                0x0000000000000000       0x30 build/obj/chthreads.o
 .text.chThdResume
                0x0000000000000000       0x20 build/obj/chthreads.o
 .text.chThdTerminate
                0x0000000000000000       0x20 build/obj/chthreads.o
 .text.chThdSleepUntil
                0x0000000000000000       0x30 build/obj/chthreads.o
 .text.chThdYield
                0x0000000000000000       0x30 build/obj/chthreads.o
 .text.chThdWait
                0x0000000000000000       0x40 build/obj/chthreads.o
 .text          0x0000000000000000        0x0 build/obj/chdynamic.o
 .data          0x0000000000000000        0x0 build/obj/chdynamic.o
 .bss           0x0000000000000000        0x0 build/obj/chdynamic.o
 .text.chThdAddRef
                0x0000000000000000       0x20 build/obj/chdynamic.o
 .text.chThdRelease
                0x0000000000000000       0x50 build/obj/chdynamic.o
 .text.chThdCreateFromHeap
                0x0000000000000000       0x40 build/obj/chdynamic.o
 .text.chThdCreateFromMemoryPool
                0x0000000000000000       0x50 build/obj/chdynamic.o
 .text          0x0000000000000000        0x0 build/obj/chregistry.o
 .data          0x0000000000000000        0x0 build/obj/chregistry.o
 .bss           0x0000000000000000        0x0 build/obj/chregistry.o
 .text.chRegFirstThread
                0x0000000000000000       0x20 build/obj/chregistry.o
 .text.chRegNextThread
                0x0000000000000000       0x30 build/obj/chregistry.o
 .rodata.ch_root
                0x0000000000000000       0x18 build/obj/chregistry.o
 .text          0x0000000000000000        0x0 build/obj/chsem.o
 .data          0x0000000000000000        0x0 build/obj/chsem.o
 .bss           0x0000000000000000        0x0 build/obj/chsem.o
 .text.chSemResetI
                0x0000000000000000       0x30 build/obj/chsem.o
 .text.chSemReset
                0x0000000000000000       0x20 build/obj/chsem.o
 .text.chSemWaitS
                0x0000000000000000       0x40 build/obj/chsem.o
 .text.chSemWait
                0x0000000000000000       0x20 build/obj/chsem.o
 .text.chSemWaitTimeoutS
[...]
Memory Configuration

Name             Origin             Length             Attributes
flash            0x0000000008000000 0x0000000000100000
ram              0x0000000020000000 0x000000000001c000
ethram           0x000000002001c000 0x0000000000004000
ccmram           0x0000000010000000 0x0000000000010000
*default*        0x0000000000000000 0xffffffffffffffff

Linker script and memory map

LOAD build/obj/crt0.o
LOAD build/obj/vectors.o
LOAD build/obj/chcore.o
LOAD build/obj/chcore_v7m.o
LOAD build/obj/nvic.o
LOAD build/obj/chsys.o
LOAD build/obj/chdebug.o
LOAD build/obj/chlists.o
LOAD build/obj/chvt.o
LOAD build/obj/chschd.o
LOAD build/obj/chthreads.o
LOAD build/obj/chdynamic.o
LOAD build/obj/chregistry.o
LOAD build/obj/chsem.o
LOAD build/obj/chmtx.o
LOAD build/obj/chcond.o
LOAD build/obj/chevents.o
LOAD build/obj/chmsg.o
LOAD build/obj/chmboxes.o
LOAD build/obj/chqueues.o
LOAD build/obj/chmemcore.o
LOAD build/obj/chheap.o
LOAD build/obj/chmempools.o
LOAD build/obj/test.o
LOAD build/obj/testthd.o
LOAD build/obj/testsem.o
LOAD build/obj/testmtx.o
LOAD build/obj/testmsg.o
LOAD build/obj/testmbox.o
LOAD build/obj/testevt.o
LOAD build/obj/testheap.o
LOAD build/obj/testpools.o
LOAD build/obj/testdyn.o
LOAD build/obj/testqueues.o
LOAD build/obj/testbmk.o
LOAD build/obj/hal.o
LOAD build/obj/adc.o
LOAD build/obj/can.o
LOAD build/obj/ext.o
LOAD build/obj/gpt.o
LOAD build/obj/i2c.o
LOAD build/obj/icu.o
LOAD build/obj/mac.o
LOAD build/obj/mmc_spi.o
LOAD build/obj/mmcsd.o
LOAD build/obj/pal.o
LOAD build/obj/pwm.o
LOAD build/obj/rtc.o
LOAD build/obj/sdc.o
LOAD build/obj/serial.o
LOAD build/obj/serial_usb.o
LOAD build/obj/spi.o
LOAD build/obj/tm.o
LOAD build/obj/uart.o
LOAD build/obj/usb.o
LOAD build/obj/stm32_dma.o
LOAD build/obj/hal_lld.o
LOAD build/obj/adc_lld.o
LOAD build/obj/ext_lld_isr.o
LOAD build/obj/can_lld.o
LOAD build/obj/ext_lld.o
LOAD build/obj/gpt_lld.o
LOAD build/obj/icu_lld.o
LOAD build/obj/mac_lld.o
LOAD build/obj/pwm_lld.o
LOAD build/obj/sdc_lld.o
LOAD build/obj/serial_lld.o
LOAD build/obj/spi_lld.o
LOAD build/obj/pal_lld.o
LOAD build/obj/i2c_lld.o
LOAD build/obj/usb_lld.o
LOAD build/obj/rtc_lld.o
LOAD build/obj/uart_lld.o
LOAD build/obj/board.o
LOAD build/obj/lis302dl.o
LOAD build/obj/chprintf.o
LOAD build/obj/main.o
START GROUP
LOAD /home/craig/gcc/arm/lib/gcc/arm-none-eabi/4.6.2/thumb/cortex-m4/libgcc.a
LOAD /home/craig/gcc/arm/lib/gcc/arm-none-eabi/4.6.2/../../../../arm-none-eabi/lib/thumb/cortex-m4/libc.a
END GROUP
                0x0000000000000400                __main_stack_size__ = 0x400
                0x0000000000000400                __process_stack_size__ = 0x400
                0x0000000020000000                __ram_start__ = ORIGIN (ram)
                0x000000000001c000                __ram_size__ = 0x1c000
                0x000000002001c000                __ram_end__ = (__ram_start__ + __ram_size__)
                0x0000000000000000                . = 0x0
                0x0000000000000000                _text = .

startup         0x0000000008000000      0x188
 *(vectors)
 vectors        0x0000000008000000      0x188 build/obj/vectors.o
                0x0000000008000000                _vectors

constructors    0x0000000008000188        0x0
                0x0000000008000188                PROVIDE (__init_array_start, .)
 *(SORT(.init_array.*))
 *(.init_array)
                0x0000000008000188                PROVIDE (__init_array_end, .)

destructors     0x0000000008000188        0x0
                0x0000000008000188                PROVIDE (__fini_array_start, .)
 *(.fini_array)
 *(SORT(.fini_array.*))
                0x0000000008000188                PROVIDE (__fini_array_end, .)

.text           0x0000000008000190     0x2cc8
 *(.text.startup.*)
 .text.startup.main
                0x0000000008000190      0x100 build/obj/main.o
                0x0000000008000190                main
 *(.text)
 .text          0x0000000008000290       0x88 /home/craig/gcc/arm/lib/gcc/arm-none-eabi/4.6.2/../../../../arm-none-eabi/lib/thumb/cortex-m4/libc.a(lib_a-memcpy.o)
                0x0000000008000290                memcpy
 *fill*         0x0000000008000318        0x8 00
 .text          0x0000000008000320       0x94 /home/craig/gcc/arm/lib/gcc/arm-none-eabi/4.6.2/../../../../arm-none-eabi/lib/thumb/cortex-m4/libc.a(lib_a-memset.o)
                0x0000000008000320                memset
 *(.text.*)
 *fill*         0x00000000080003b4        0xc 00
 .text.__late_init
                0x00000000080003c0       0x10 build/obj/crt0.o
                0x00000000080003c0                __late_init
 .text._default_exit
                0x00000000080003d0       0x10 build/obj/crt0.o
                0x00000000080003d0                _default_exit
 .text.ResetHandler
                0x00000000080003e0       0xd0 build/obj/crt0.o
                0x00000000080003e0                ResetHandler
 .text._unhandled_exception
                0x00000000080004b0       0x10 build/obj/vectors.o
                0x00000000080004b0                Vector58
                0x00000000080004b0                VectorE8
                0x00000000080004b0                Vector9C
                0x00000000080004b0                VectorAC
                0x00000000080004b0                Vector5C
                0x00000000080004b0                NMIVector
                0x00000000080004b0                Vector11C
                0x00000000080004b0                VectorDC
                0x00000000080004b0                Vector168
                0x00000000080004b0                Vector110
                0x00000000080004b0                VectorC8
                0x00000000080004b0                VectorA8
                0x00000000080004b0                VectorB4
                0x00000000080004b0                Vector160
                0x00000000080004b0                VectorEC
                0x00000000080004b0                UsageFaultVector
                0x00000000080004b0                DebugMonitorVector
                0x00000000080004b0                Vector40
                0x00000000080004b0                VectorF8
                0x00000000080004b0                Vector108
                0x00000000080004b0                VectorBC
                0x00000000080004b0                Vector148
                0x00000000080004b0                PendSVVector
                0x00000000080004b0                Vector118
                0x00000000080004b0                Vector64
                0x00000000080004b0                VectorCC
                0x00000000080004b0                Vector54
                0x00000000080004b0                VectorD8
                0x00000000080004b0                Vector138
                0x00000000080004b0                Vector24
                0x00000000080004b0                Vector178
                0x00000000080004b0                BusFaultVector
                0x00000000080004b0                VectorD0
                0x00000000080004b0                Vector140
                0x00000000080004b0                VectorE4
                0x00000000080004b0                VectorC0
                0x00000000080004b0                HardFaultVector
                0x00000000080004b0                Vector134
                0x00000000080004b0                VectorF0
                0x00000000080004b0                Vector13C
                0x00000000080004b0                Vector100
                0x00000000080004b0                VectorE0
                0x00000000080004b0                VectorF4
                0x00000000080004b0                MemManageVector
                0x00000000080004b0                VectorA0
                0x00000000080004b0                VectorC4
                0x00000000080004b0                Vector180
                0x00000000080004b0                VectorB0
                0x00000000080004b0                Vector114
                0x00000000080004b0                Vector164
                0x00000000080004b0                Vector60
                0x00000000080004b0                Vector1C
                0x00000000080004b0                Vector17C
                0x00000000080004b0                Vector48
                0x00000000080004b0                Vector16C
                0x00000000080004b0                VectorD4
                0x00000000080004b0                Vector4C
                0x00000000080004b0                Vector144
                0x00000000080004b0                Vector15C
                0x00000000080004b0                Vector68
                0x00000000080004b0                _unhandled_exception
                0x00000000080004b0                Vector170
                0x00000000080004b0                Vector104
                0x00000000080004b0                Vector184
                0x00000000080004b0                Vector10C
                0x00000000080004b0                Vector50
                0x00000000080004b0                Vector44
                0x00000000080004b0                Vector28
                0x00000000080004b0                Vector34
                0x00000000080004b0                VectorA4
                0x00000000080004b0                Vector20
                0x00000000080004b0                Vector174
 .text.port_halt
                0x00000000080004c0       0x10 build/obj/chcore.o
                0x00000000080004c0                port_halt
 .text._port_switch_from_isr
                0x00000000080004d0       0x10 build/obj/chcore_v7m.o
                0x00000000080004d0                _port_switch_from_isr
 .text.SVCallVector
                0x00000000080004e0       0x20 build/obj/chcore_v7m.o
                0x00000000080004e0                SVCallVector
 .text._port_init
                0x0000000008000500       0x40 build/obj/chcore_v7m.o
                0x0000000008000500                _port_init
 .text._port_irq_epilogue
                0x0000000008000540       0x70 build/obj/chcore_v7m.o
                0x0000000008000540                _port_irq_epilogue
 .text.SysTickVector
                0x00000000080005b0       0x20 build/obj/chcore_v7m.o
                0x00000000080005b0                SysTickVector
 .text._port_switch
                0x00000000080005d0       0x10 build/obj/chcore_v7m.o
                0x00000000080005d0                _port_switch
 .text._port_thread_start
                0x00000000080005e0       0x10 build/obj/chcore_v7m.o
                0x00000000080005e0                _port_thread_start
 .text.nvicEnableVector
                0x00000000080005f0       0x50 build/obj/nvic.o
                0x00000000080005f0                nvicEnableVector
 .text.nvicSetSystemHandlerPriority
                0x0000000008000640       0x30 build/obj/nvic.o
                0x0000000008000640                nvicSetSystemHandlerPriority
 .text._idle_thread
                0x0000000008000670       0x20 build/obj/chsys.o
                0x0000000008000670                _idle_thread
 .text.chSysInit
                0x0000000008000690       0x70 build/obj/chsys.o
                0x0000000008000690                chSysInit
 .text.chSysTimerHandlerI
                0x0000000008000700       0x60 build/obj/chsys.o
                0x0000000008000700                chSysTimerHandlerI
 .text._vt_init
                0x0000000008000760       0x20 build/obj/chvt.o
                0x0000000008000760                _vt_init
 .text.chVTSetI
                0x0000000008000780       0x40 build/obj/chvt.o
                0x0000000008000780                chVTSetI
 .text.chVTResetI
                0x00000000080007c0       0x30 build/obj/chvt.o
                0x00000000080007c0                chVTResetI
 .text.wakeup   0x00000000080007f0       0x60 build/obj/chschd.o
 .text._scheduler_init
                0x0000000008000850       0x20 build/obj/chschd.o
                0x0000000008000850                _scheduler_init
 .text.chSchReadyI
                0x0000000008000870       0x20 build/obj/chschd.o
                0x0000000008000870                chSchReadyI
 .text.chSchGoSleepS
                0x0000000008000890       0x30 build/obj/chschd.o
                0x0000000008000890                chSchGoSleepS
 .text.chSchGoSleepTimeoutS
                0x00000000080008c0       0x40 build/obj/chschd.o
                0x00000000080008c0                chSchGoSleepTimeoutS
 .text.chSchWakeupS
                0x0000000008000900       0x60 build/obj/chschd.o
                0x0000000008000900                chSchWakeupS
 .text.chSchDoRescheduleBehind
                0x0000000008000960       0x40 build/obj/chschd.o
                0x0000000008000960                chSchDoRescheduleBehind
 .text.chSchDoRescheduleAhead
                0x00000000080009a0       0x40 build/obj/chschd.o
                0x00000000080009a0                chSchDoRescheduleAhead
 .text.chSchRescheduleS
                0x00000000080009e0       0x20 build/obj/chschd.o
                0x00000000080009e0                chSchRescheduleS
 .text.chSchDoReschedule
                0x0000000008000a00       0x20 build/obj/chschd.o
                0x0000000008000a00                chSchDoReschedule
 .text._thread_init
                0x0000000008000a20       0x50 build/obj/chthreads.o
                0x0000000008000a20                _thread_init
 .text.chThdCreateI
                0x0000000008000a70       0x70 build/obj/chthreads.o
                0x0000000008000a70                chThdCreateI
 .text.chThdCreateStatic
                0x0000000008000ae0       0x30 build/obj/chthreads.o
                0x0000000008000ae0                chThdCreateStatic
 .text.chThdSleep
                0x0000000008000b10       0x20 build/obj/chthreads.o
                0x0000000008000b10                chThdSleep
 .text.chThdExitS
                0x0000000008000b30       0x40 build/obj/chthreads.o
                0x0000000008000b30                chThdExitS
 .text.chThdExit
                0x0000000008000b70       0x10 build/obj/chthreads.o
                0x0000000008000b70                chThdExit
 .text.chSemInit
                0x0000000008000b80       0x10 build/obj/chsem.o
                0x0000000008000b80                chSemInit
 .text.chSemSignalI
                0x0000000008000b90       0x20 build/obj/chsem.o
                0x0000000008000b90                chSemSignalI
 .text.chMtxInit
                0x0000000008000bb0       0x10 build/obj/chmtx.o
                0x0000000008000bb0                chMtxInit
 .text.chEvtSignalFlagsI
                0x0000000008000bc0       0x30 build/obj/chevents.o
                0x0000000008000bc0                chEvtSignalFlagsI
 .text.chEvtBroadcastFlagsI
                0x0000000008000bf0       0x20 build/obj/chevents.o
                0x0000000008000bf0                chEvtBroadcastFlagsI
 .text._core_init
                0x0000000008000c10       0x30 build/obj/chmemcore.o
                0x0000000008000c10                _core_init
 .text.chCoreAlloc
                0x0000000008000c40       0x40 build/obj/chmemcore.o
                0x0000000008000c40                chCoreAlloc
 .text._heap_init
                0x0000000008000c80       0x20 build/obj/chheap.o
                0x0000000008000c80                _heap_init
 .text.halInit  0x0000000008000ca0       0x30 build/obj/hal.o
                0x0000000008000ca0                halInit
 .text.halPolledDelay
                0x0000000008000cd0       0x50 build/obj/hal.o
                0x0000000008000cd0                halPolledDelay
 .text.adcInit  0x0000000008000d20       0x10 build/obj/adc.o
                0x0000000008000d20                adcInit
 .text.adcObjectInit
                0x0000000008000d30       0x20 build/obj/adc.o
                0x0000000008000d30                adcObjectInit
 .text.canInit  0x0000000008000d50       0x10 build/obj/can.o
                0x0000000008000d50                canInit
 .text.canObjectInit
                0x0000000008000d60       0x50 build/obj/can.o
                0x0000000008000d60                canObjectInit
 .text.pwmInit  0x0000000008000db0       0x10 build/obj/pwm.o
                0x0000000008000db0                pwmInit
 .text.pwmObjectInit
                0x0000000008000dc0       0x10 build/obj/pwm.o
                0x0000000008000dc0                pwmObjectInit
 .text.spiInit  0x0000000008000dd0       0x10 build/obj/spi.o
                0x0000000008000dd0                spiInit
 .text.spiObjectInit
                0x0000000008000de0       0x10 build/obj/spi.o
                0x0000000008000de0                spiObjectInit
 .text.usbInit  0x0000000008000df0       0x10 build/obj/usb.o
                0x0000000008000df0                usbInit
 .text.usbObjectInit
                0x0000000008000e00       0x10 build/obj/usb.o
                0x0000000008000e00                usbObjectInit
 .text.usbStart
                0x0000000008000e10       0x30 build/obj/usb.o
                0x0000000008000e10                usbStart
 .text.usbInitEndpointI
                0x0000000008000e40       0x40 build/obj/usb.o
                0x0000000008000e40                usbInitEndpointI
 .text.usbPrepareReceive
                0x0000000008000e80       0x20 build/obj/usb.o
                0x0000000008000e80                usbPrepareReceive
 .text.usbPrepareTransmit
                0x0000000008000ea0       0x20 build/obj/usb.o
                0x0000000008000ea0                usbPrepareTransmit
 .text.usbStartReceiveI
                0x0000000008000ec0       0x30 build/obj/usb.o
                0x0000000008000ec0                usbStartReceiveI
 .text.usbStartTransmitI
                0x0000000008000ef0       0x30 build/obj/usb.o
                0x0000000008000ef0                usbStartTransmitI
 .text._usb_reset
                0x0000000008000f20       0x30 build/obj/usb.o
                0x0000000008000f20                _usb_reset
 .text._usb_ep0setup
                0x0000000008000f50      0x320 build/obj/usb.o
                0x0000000008000f50                _usb_ep0setup
 .text._usb_ep0in
                0x0000000008001270       0xb0 build/obj/usb.o
                0x0000000008001270                _usb_ep0in
 .text._usb_ep0out
                0x0000000008001320       0x80 build/obj/usb.o
                0x0000000008001320                _usb_ep0out
 .text.Vector6C
                0x00000000080013a0       0x30 build/obj/stm32_dma.o
                0x00000000080013a0                Vector6C
 .text.Vector70
                0x00000000080013d0       0x30 build/obj/stm32_dma.o
                0x00000000080013d0                Vector70
 .text.Vector74
                0x0000000008001400       0x30 build/obj/stm32_dma.o
                0x0000000008001400                Vector74
 .text.Vector78
                0x0000000008001430       0x30 build/obj/stm32_dma.o
                0x0000000008001430                Vector78
 .text.Vector7C
                0x0000000008001460       0x30 build/obj/stm32_dma.o
                0x0000000008001460                Vector7C
 .text.Vector80
                0x0000000008001490       0x30 build/obj/stm32_dma.o
                0x0000000008001490                Vector80
 .text.Vector84
                0x00000000080014c0       0x30 build/obj/stm32_dma.o
                0x00000000080014c0                Vector84
 .text.VectorFC
                0x00000000080014f0       0x30 build/obj/stm32_dma.o
                0x00000000080014f0                VectorFC
 .text.Vector120
                0x0000000008001520       0x30 build/obj/stm32_dma.o
                0x0000000008001520                Vector120
 .text.Vector124
                0x0000000008001550       0x30 build/obj/stm32_dma.o
                0x0000000008001550                Vector124
 .text.Vector128
                0x0000000008001580       0x30 build/obj/stm32_dma.o
                0x0000000008001580                Vector128
 .text.Vector12C
                0x00000000080015b0       0x30 build/obj/stm32_dma.o
                0x00000000080015b0                Vector12C
 .text.Vector130
                0x00000000080015e0       0x30 build/obj/stm32_dma.o
                0x00000000080015e0                Vector130
 .text.Vector150
                0x0000000008001610       0x30 build/obj/stm32_dma.o
                0x0000000008001610                Vector150
 .text.Vector154
                0x0000000008001640       0x30 build/obj/stm32_dma.o
                0x0000000008001640                Vector154
 .text.Vector158
                0x0000000008001670       0x30 build/obj/stm32_dma.o
                0x0000000008001670                Vector158
 .text.dmaInit  0x00000000080016a0       0x50 build/obj/stm32_dma.o
                0x00000000080016a0                dmaInit
 .text.hal_lld_init
                0x00000000080016f0       0xd0 build/obj/hal_lld.o
                0x00000000080016f0                hal_lld_init
 .text.stm32_clock_init
                0x00000000080017c0       0xe0 build/obj/hal_lld.o
                0x00000000080017c0                stm32_clock_init
 .text.adc_lld_init
                0x00000000080018a0       0x50 build/obj/adc_lld.o
                0x00000000080018a0                adc_lld_init
 .text.adc_lld_stop_conversion
                0x00000000080018f0       0x30 build/obj/adc_lld.o
                0x00000000080018f0                adc_lld_stop_conversion
 .text.Vector88
                0x0000000008001920       0x80 build/obj/adc_lld.o
                0x0000000008001920                Vector88
 .text.Vector8C
                0x00000000080019a0       0x50 build/obj/can_lld.o
                0x00000000080019a0                Vector8C
 .text.Vector90
                0x00000000080019f0       0x80 build/obj/can_lld.o
                0x00000000080019f0                Vector90
 .text.Vector94
                0x0000000008001a70       0x10 build/obj/can_lld.o
                0x0000000008001a70                Vector94
 .text.Vector98
                0x0000000008001a80       0x80 build/obj/can_lld.o
                0x0000000008001a80                Vector98
 .text.can_lld_init
                0x0000000008001b00       0x20 build/obj/can_lld.o
                0x0000000008001b00                can_lld_init
 .text.VectorB8
                0x0000000008001b20       0x70 build/obj/pwm_lld.o
                0x0000000008001b20                VectorB8
 .text.pwm_lld_init
                0x0000000008001b90       0x20 build/obj/pwm_lld.o
                0x0000000008001b90                pwm_lld_init
 .text.spi_lld_init
                0x0000000008001bb0       0x50 build/obj/spi_lld.o
                0x0000000008001bb0                spi_lld_init
 .text._pal_lld_init
                0x0000000008001c00      0x1b0 build/obj/pal_lld.o
                0x0000000008001c00                _pal_lld_init
 .text.otg_disable_ep
                0x0000000008001db0       0x90 build/obj/usb_lld.o
 .text.otg_txfifo_flush
                0x0000000008001e40       0x20 build/obj/usb_lld.o
 .text.otg_epin_handler
                0x0000000008001e60       0x80 build/obj/usb_lld.o
 .text.usb_lld_pump
                0x0000000008001ee0      0x3c0 build/obj/usb_lld.o
 .text.otg_epout_handler
                0x00000000080022a0       0x60 build/obj/usb_lld.o
 .text.Vector14C
                0x0000000008002300      0x100 build/obj/usb_lld.o
                0x0000000008002300                Vector14C
 .text.usb_lld_init
                0x0000000008002400       0x30 build/obj/usb_lld.o
                0x0000000008002400                usb_lld_init
 .text.usb_lld_start
                0x0000000008002430       0xe0 build/obj/usb_lld.o
                0x0000000008002430                usb_lld_start
 .text.usb_lld_reset
                0x0000000008002510       0xc0 build/obj/usb_lld.o
                0x0000000008002510                usb_lld_reset
 .text.usb_lld_set_address
                0x00000000080025d0       0x20 build/obj/usb_lld.o
                0x00000000080025d0                usb_lld_set_address
 .text.usb_lld_init_endpoint
                0x00000000080025f0      0x140 build/obj/usb_lld.o
                0x00000000080025f0                usb_lld_init_endpoint
 .text.usb_lld_get_status_out
                0x0000000008002730       0x20 build/obj/usb_lld.o
                0x0000000008002730                usb_lld_get_status_out
 .text.usb_lld_get_status_in
                0x0000000008002750       0x20 build/obj/usb_lld.o
                0x0000000008002750                usb_lld_get_status_in
 .text.usb_lld_read_setup
                0x0000000008002770       0x10 build/obj/usb_lld.o
                0x0000000008002770                usb_lld_read_setup
 .text.usb_lld_prepare_receive
                0x0000000008002780       0x30 build/obj/usb_lld.o
                0x0000000008002780                usb_lld_prepare_receive
 .text.usb_lld_prepare_transmit
                0x00000000080027b0       0x40 build/obj/usb_lld.o
                0x00000000080027b0                usb_lld_prepare_transmit
 .text.usb_lld_start_out
                0x00000000080027f0       0x10 build/obj/usb_lld.o
                0x00000000080027f0                usb_lld_start_out
 .text.usb_lld_start_in
                0x0000000008002800       0x30 build/obj/usb_lld.o
                0x0000000008002800                usb_lld_start_in
 .text.usb_lld_stall_out
                0x0000000008002830       0x10 build/obj/usb_lld.o
                0x0000000008002830                usb_lld_stall_out
 .text.usb_lld_stall_in
                0x0000000008002840       0x10 build/obj/usb_lld.o
                0x0000000008002840                usb_lld_stall_in
 .text.usb_lld_clear_out
                0x0000000008002850       0x10 build/obj/usb_lld.o
                0x0000000008002850                usb_lld_clear_out
 .text.usb_lld_clear_in
                0x0000000008002860       0x10 build/obj/usb_lld.o
                0x0000000008002860                usb_lld_clear_in
 .text.__early_init
                0x0000000008002870       0x10 build/obj/board.o
                0x0000000008002870                __early_init
 .text.boardInit
                0x0000000008002880       0x10 build/obj/board.o
                0x0000000008002880                boardInit
 .text.requestsHook
                0x0000000008002890       0x10 build/obj/main.o
                0x0000000008002890                requestsHook
 .text.get_descriptor
                0x00000000080028a0       0x50 build/obj/main.o
 .text.usb_event
                0x00000000080028f0       0x80 build/obj/main.o
 .text.dataReceived
                0x0000000008002970       0xa0 build/obj/main.o
                0x0000000008002970                dataReceived
 .text.dataTransmitted
                0x0000000008002a10       0x50 build/obj/main.o
                0x0000000008002a10                dataTransmitted
 *(.rodata)
 *(.rodata.*)
 .rodata.str1.4
                0x0000000008002a60        0xd build/obj/chsys.o
                                         0x10 (size before relaxing)
 *fill*         0x0000000008002a6d        0x3 00
 .rodata.zero_status
                0x0000000008002a70        0x4 build/obj/usb.o
 *fill*         0x0000000008002a74        0xc 00
 .rodata.active_status
                0x0000000008002a80        0x4 build/obj/usb.o
 *fill*         0x0000000008002a84        0xc 00
 .rodata.halted_status
                0x0000000008002a90        0x4 build/obj/usb.o
 *fill*         0x0000000008002a94        0xc 00
 .rodata._stm32_dma_streams
                0x0000000008002aa0       0xc0 build/obj/stm32_dma.o
                0x0000000008002aa0                _stm32_dma_streams
 .rodata.fsparams
                0x0000000008002b60        0xc build/obj/usb_lld.o
 *fill*         0x0000000008002b6c        0x4 00
 .rodata.str1.4
                0x0000000008002b70       0x10 build/obj/usb_lld.o
 .rodata.ep0config
                0x0000000008002b80       0x24 build/obj/usb_lld.o
 *fill*         0x0000000008002ba4        0xc 00
 .rodata.pal_default_config
                0x0000000008002bb0       0xfc build/obj/board.o
                0x0000000008002bb0                pal_default_config
 *fill*         0x0000000008002cac        0x4 00
 .rodata.ep1config
                0x0000000008002cb0       0x24 build/obj/main.o
 *fill*         0x0000000008002cd4        0xc 00
 .rodata.stringVendor
                0x0000000008002ce0       0x30 build/obj/main.o
 .rodata.vcom_configuration_descriptor
                0x0000000008002d10        0x8 build/obj/main.o
 *fill*         0x0000000008002d18        0x8 00
 .rodata.ep2config
                0x0000000008002d20       0x24 build/obj/main.o
 *fill*         0x0000000008002d44        0xc 00
 .rodata.stringSerialNumber
                0x0000000008002d50        0xc build/obj/main.o
 *fill*         0x0000000008002d5c        0x4 00
 .rodata.stringNotFound
                0x0000000008002d60       0x24 build/obj/main.o
 *fill*         0x0000000008002d84        0xc 00
 .rodata.stringDeviceDescriptor
                0x0000000008002d90       0x24 build/obj/main.o
 *fill*         0x0000000008002db4        0xc 00
 .rodata.stringLanguage
                0x0000000008002dc0        0x4 build/obj/main.o
 *fill*         0x0000000008002dc4        0xc 00
 .rodata.config
                0x0000000008002dd0       0x10 build/obj/main.o
                0x0000000008002dd0                config
 .rodata.vcom_device_descriptor_data
                0x0000000008002de0       0x14 build/obj/main.o
 *fill*         0x0000000008002df4        0xc 00
 .rodata.vcom_strings
                0x0000000008002e00       0x28 build/obj/main.o
 *fill*         0x0000000008002e28        0x8 00
 .rodata.vcom_configuration_descriptor_data
                0x0000000008002e30       0x20 build/obj/main.o
 .rodata.vcom_device_descriptor
                0x0000000008002e50        0x8 build/obj/main.o
 *(.glue_7t)
 .glue_7t       0x0000000000000000        0x0 linker stubs
 *(.glue_7)
 .glue_7        0x0000000000000000        0x0 linker stubs
 *(.gcc*)

.vfp11_veneer   0x0000000008002e58        0x0
 .vfp11_veneer  0x0000000000000000        0x0 linker stubs

.v4_bx          0x0000000008002e58        0x0
 .v4_bx         0x0000000000000000        0x0 linker stubs

.ARM.extab
 *(.ARM.extab* .gnu.linkonce.armextab.*)

.ARM.exidx      0x0000000008002e58        0x0
                0x0000000008002e58                PROVIDE (__exidx_start, .)
 *(.ARM.exidx* .gnu.linkonce.armexidx.*)
                0x0000000008002e58                PROVIDE (__exidx_end, .)

.eh_frame_hdr
 *(.eh_frame_hdr)

.eh_frame
 *(.eh_frame)

.textalign      0x0000000008002e58        0x0
                0x0000000008002e58                . = ALIGN (0x8)
                0x0000000008002e58                _etext = .
                0x0000000008002e58                _textdata = _etext

.stacks         0x0000000020000000      0x800
                0x0000000020000000                . = ALIGN (0x8)
                0x0000000020000000                __main_stack_base__ = .
                0x0000000020000400                . = (. + __main_stack_size__)
 *fill*         0x0000000020000000      0x400 00
                0x0000000020000400                . = ALIGN (0x8)
                0x0000000020000400                __main_stack_end__ = .
                0x0000000020000400                __process_stack_base__ = .
                0x0000000020000400                __main_thread_stack_base__ = .
                0x0000000020000800                . = (. + __process_stack_size__)
 *fill*         0x0000000020000400      0x400 00
                0x0000000020000800                . = ALIGN (0x8)
                0x0000000020000800                __process_stack_end__ = .
                0x0000000020000800                __main_thread_stack_end__ = .

.data           0x0000000020000800        0x4 load address 0x0000000008002e58
                0x0000000020000800                . = ALIGN (0x4)
                0x0000000020000800                PROVIDE (_data, .)
 *(.data)
                0x0000000020000800                . = ALIGN (0x4)
 *(.data.*)
 .data.usbp     0x0000000020000800        0x4 build/obj/main.o
                0x0000000020000800                usbp
                0x0000000020000804                . = ALIGN (0x4)
 *(.ramtext)
                0x0000000020000804                . = ALIGN (0x4)
                0x0000000020000804                PROVIDE (_edata, .)

.bss            0x0000000020000808      0x5a4 load address 0x0000000008002e60
                0x0000000020000808                . = ALIGN (0x4)
                0x0000000020000808                PROVIDE (_bss_start, .)
 *(.bss)
                0x0000000020000808                . = ALIGN (0x4)
 *(.bss.*)
 .bss._idle_thread_wa
                0x0000000020000808       0xc0 build/obj/chsys.o
                0x0000000020000808                _idle_thread_wa
 .bss.mainthread.1976
                0x00000000200008c8       0x48 build/obj/chsys.o
 .bss.vtlist    0x0000000020000910       0x10 build/obj/chvt.o
                0x0000000020000910                vtlist
 .bss.rlist     0x0000000020000920       0x1c build/obj/chschd.o
                0x0000000020000920                rlist
 .bss.endmem    0x000000002000093c        0x4 build/obj/chmemcore.o
 .bss.nextmem   0x0000000020000940        0x4 build/obj/chmemcore.o
 *fill*         0x0000000020000944        0x4 00
 .bss.default_heap
                0x0000000020000948       0x20 build/obj/chheap.o
 .bss.dma_isr_redir
                0x0000000020000968       0x80 build/obj/stm32_dma.o
 .bss.dma_streams_mask
                0x00000000200009e8        0x4 build/obj/stm32_dma.o
 .bss.ADCD1     0x00000000200009ec       0x34 build/obj/adc_lld.o
                0x00000000200009ec                ADCD1
 .bss.CAND1     0x0000000020000a20       0x3c build/obj/can_lld.o
                0x0000000020000a20                CAND1
 .bss.PWMD4     0x0000000020000a5c       0x14 build/obj/pwm_lld.o
                0x0000000020000a5c                PWMD4
 .bss.dummytx   0x0000000020000a70        0x2 build/obj/spi_lld.o
 *fill*         0x0000000020000a72        0x2 00
 .bss.SPID2     0x0000000020000a74       0x30 build/obj/spi_lld.o
                0x0000000020000a74                SPID2
 *fill*         0x0000000020000aa4        0x4 00
 .bss.USBD1     0x0000000020000aa8      0x188 build/obj/usb_lld.o
                0x0000000020000aa8                USBD1
 .bss.ep0_state
                0x0000000020000c30       0x10 build/obj/usb_lld.o
 .bss.ep0setup_buffer
                0x0000000020000c40        0x8 build/obj/usb_lld.o
 .bss.ep1instate
                0x0000000020000c48       0x10 build/obj/main.o
 .bss.usbStatus
                0x0000000020000c58        0x1 build/obj/main.o
                0x0000000020000c58                usbStatus
 .bss.initUSB   0x0000000020000c59        0x1 build/obj/main.o
                0x0000000020000c59                initUSB
 *fill*         0x0000000020000c5a        0x2 00
 .bss.transferBuf
                0x0000000020000c5c      0x100 build/obj/main.o
                0x0000000020000c5c                transferBuf
 .bss.receiveBuf
                0x0000000020000d5c       0x40 build/obj/main.o
                0x0000000020000d5c                receiveBuf
 .bss.ep2outstate
                0x0000000020000d9c       0x10 build/obj/main.o
                0x0000000020000d9c                ep2outstate
                0x0000000020000dac                . = ALIGN (0x4)
 *(COMMON)
                0x0000000020000dac                . = ALIGN (0x4)
                0x0000000020000dac                PROVIDE (_bss_end, .)
                0x0000000020000dac                PROVIDE (end, .)
                0x0000000020000dac                _end = .
                0x0000000020000dac                __heap_base__ = _end
                0x000000002001c000                __heap_end__ = __ram_end__
OUTPUT(build/ch.elf elf32-littlearm)

.debug_info     0x0000000000000000    0x20870
 .debug_info    0x0000000000000000      0x378 build/obj/crt0.o
 .debug_info    0x0000000000000378       0xb5 build/obj/vectors.o
 .debug_info    0x000000000000042d       0x8b build/obj/chcore.o
 .debug_info    0x00000000000004b8      0x7e9 build/obj/chcore_v7m.o
 .debug_info    0x0000000000000ca1      0x437 build/obj/nvic.o
 .debug_info    0x00000000000010d8      0x681 build/obj/chsys.o
 .debug_info    0x0000000000001759       0x73 build/obj/chdebug.o
 .debug_info    0x00000000000017cc       0x73 build/obj/chlists.o
 .debug_info    0x000000000000183f      0x279 build/obj/chvt.o
 .debug_info    0x0000000000001ab8      0x8d3 build/obj/chschd.o
 .debug_info    0x000000000000238b      0xac2 build/obj/chthreads.o
 .debug_info    0x0000000000002e4d      0x772 build/obj/chdynamic.o
 .debug_info    0x00000000000035bf      0x666 build/obj/chregistry.o
 .debug_info    0x0000000000003c25      0x9fd build/obj/chsem.o
 .debug_info    0x0000000000004622      0x976 build/obj/chmtx.o
 .debug_info    0x0000000000004f98      0x889 build/obj/chcond.o
 .debug_info    0x0000000000005821      0xc30 build/obj/chevents.o
 .debug_info    0x0000000000006451      0x63a build/obj/chmsg.o
 .debug_info    0x0000000000006a8b      0x896 build/obj/chmboxes.o
 .debug_info    0x0000000000007321      0xb5b build/obj/chqueues.o
 .debug_info    0x0000000000007e7c      0x221 build/obj/chmemcore.o
 .debug_info    0x000000000000809d      0x656 build/obj/chheap.o
 .debug_info    0x00000000000086f3      0x414 build/obj/chmempools.o
 .debug_info    0x0000000000008b07      0xf72 build/obj/test.o
 .debug_info    0x0000000000009a79      0x804 build/obj/testthd.o
 .debug_info    0x000000000000a27d      0x9e3 build/obj/testsem.o
 .debug_info    0x000000000000ac60      0xc80 build/obj/testmtx.o
 .debug_info    0x000000000000b8e0      0x5a0 build/obj/testmsg.o
 .debug_info    0x000000000000be80      0xe36 build/obj/testmbox.o
 .debug_info    0x000000000000ccb6      0x971 build/obj/testevt.o
 .debug_info    0x000000000000d627      0x689 build/obj/testheap.o
 .debug_info    0x000000000000dcb0      0x27a build/obj/testpools.o
 .debug_info    0x000000000000df2a      0x90d build/obj/testdyn.o
 .debug_info    0x000000000000e837     0x114c build/obj/testqueues.o
 .debug_info    0x000000000000f983      0xddc build/obj/testbmk.o
 .debug_info    0x000000000001075f      0x367 build/obj/hal.o
 .debug_info    0x0000000000010ac6      0xd43 build/obj/adc.o
 .debug_info    0x0000000000011809      0xec6 build/obj/can.o
 .debug_info    0x00000000000126cf       0x9f build/obj/ext.o
 .debug_info    0x000000000001276e       0x9f build/obj/gpt.o
 .debug_info    0x000000000001280d       0x9f build/obj/i2c.o
 .debug_info    0x00000000000128ac       0x9f build/obj/icu.o
 .debug_info    0x000000000001294b       0x9f build/obj/mac.o
 .debug_info    0x00000000000129ea       0x9f build/obj/mmc_spi.o
 .debug_info    0x0000000000012a89       0x9f build/obj/mmcsd.o
 .debug_info    0x0000000000012b28      0x2b2 build/obj/pal.o
 .debug_info    0x0000000000012dda      0x69f build/obj/pwm.o
 .debug_info    0x0000000000013479       0x9f build/obj/rtc.o
 .debug_info    0x0000000000013518       0x9f build/obj/sdc.o
 .debug_info    0x00000000000135b7       0x9f build/obj/serial.o
 .debug_info    0x0000000000013656       0x9f build/obj/serial_usb.o
 .debug_info    0x00000000000136f5      0xeda build/obj/spi.o
 .debug_info    0x00000000000145cf       0x9f build/obj/tm.o
 .debug_info    0x000000000001466e       0x9f build/obj/uart.o
 .debug_info    0x000000000001470d     0x18ef build/obj/usb.o
 .debug_info    0x0000000000015ffc      0xa34 build/obj/stm32_dma.o
 .debug_info    0x0000000000016a30      0x4c3 build/obj/hal_lld.o
 .debug_info    0x0000000000016ef3     0x107b build/obj/adc_lld.o
 .debug_info    0x0000000000017f6e       0x9f build/obj/ext_lld_isr.o
 .debug_info    0x000000000001800d     0x1358 build/obj/can_lld.o
 .debug_info    0x0000000000019365       0x9f build/obj/ext_lld.o
 .debug_info    0x0000000000019404       0x9f build/obj/gpt_lld.o
 .debug_info    0x00000000000194a3       0x9f build/obj/icu_lld.o
 .debug_info    0x0000000000019542       0x9f build/obj/mac_lld.o
 .debug_info    0x00000000000195e1      0xa1b build/obj/pwm_lld.o
 .debug_info    0x0000000000019ffc       0x9f build/obj/sdc_lld.o
 .debug_info    0x000000000001a09b       0x9f build/obj/serial_lld.o
 .debug_info    0x000000000001a13a      0xddb build/obj/spi_lld.o
 .debug_info    0x000000000001af15      0x74b build/obj/pal_lld.o
 .debug_info    0x000000000001b660       0x9f build/obj/i2c_lld.o
 .debug_info    0x000000000001b6ff     0x265f build/obj/usb_lld.o
 .debug_info    0x000000000001dd5e       0x9f build/obj/rtc_lld.o
 .debug_info    0x000000000001ddfd       0x9f build/obj/uart_lld.o
 .debug_info    0x000000000001de9c      0x1f9 build/obj/board.o
 .debug_info    0x000000000001e095      0x906 build/obj/lis302dl.o
 .debug_info    0x000000000001e99b      0x48a build/obj/chprintf.o
 .debug_info    0x000000000001ee25     0x1805 build/obj/main.o
 .debug_info    0x000000000002062a      0x130 /home/craig/gcc/arm/lib/gcc/arm-none-eabi/4.6.2/../../../../arm-none-eabi/lib/thumb/cortex-m4/libc.a(lib_a-memcpy.o)
 .debug_info    0x000000000002075a      0x116 /home/craig/gcc/arm/lib/gcc/arm-none-eabi/4.6.2/../../../../arm-none-eabi/lib/thumb/cortex-m4/libc.a(lib_a-memset.o)

.debug_abbrev   0x0000000000000000     0x704a
 .debug_abbrev  0x0000000000000000      0x12e build/obj/crt0.o
 .debug_abbrev  0x000000000000012e       0x74 build/obj/vectors.o
 .debug_abbrev  0x00000000000001a2       0x41 build/obj/chcore.o
 .debug_abbrev  0x00000000000001e3      0x18e build/obj/chcore_v7m.o
 .debug_abbrev  0x0000000000000371       0xfb build/obj/nvic.o
 .debug_abbrev  0x000000000000046c      0x187 build/obj/chsys.o
 .debug_abbrev  0x00000000000005f3       0x2a build/obj/chdebug.o
 .debug_abbrev  0x000000000000061d       0x2a build/obj/chlists.o
 .debug_abbrev  0x0000000000000647      0x163 build/obj/chvt.o
 .debug_abbrev  0x00000000000007aa      0x2ab build/obj/chschd.o
 .debug_abbrev  0x0000000000000a55      0x2c8 build/obj/chthreads.o
 .debug_abbrev  0x0000000000000d1d      0x19f build/obj/chdynamic.o
 .debug_abbrev  0x0000000000000ebc      0x168 build/obj/chregistry.o
 .debug_abbrev  0x0000000000001024      0x28e build/obj/chsem.o
 .debug_abbrev  0x00000000000012b2      0x2b0 build/obj/chmtx.o
 .debug_abbrev  0x0000000000001562      0x264 build/obj/chcond.o
 .debug_abbrev  0x00000000000017c6      0x259 build/obj/chevents.o
 .debug_abbrev  0x0000000000001a1f      0x1b7 build/obj/chmsg.o
 .debug_abbrev  0x0000000000001bd6      0x1dc build/obj/chmboxes.o
 .debug_abbrev  0x0000000000001db2      0x2a7 build/obj/chqueues.o
 .debug_abbrev  0x0000000000002059      0x160 build/obj/chmemcore.o
 .debug_abbrev  0x00000000000021b9      0x1ad build/obj/chheap.o
 .debug_abbrev  0x0000000000002366      0x20a build/obj/chmempools.o
 .debug_abbrev  0x0000000000002570      0x445 build/obj/test.o
 .debug_abbrev  0x00000000000029b5      0x208 build/obj/testthd.o
 .debug_abbrev  0x0000000000002bbd      0x27a build/obj/testsem.o
 .debug_abbrev  0x0000000000002e37      0x294 build/obj/testmtx.o
 .debug_abbrev  0x00000000000030cb      0x164 build/obj/testmsg.o
 .debug_abbrev  0x000000000000322f      0x1e3 build/obj/testmbox.o
 .debug_abbrev  0x0000000000003412      0x26c build/obj/testevt.o
 .debug_abbrev  0x000000000000367e      0x19d build/obj/testheap.o
 .debug_abbrev  0x000000000000381b      0x179 build/obj/testpools.o
 .debug_abbrev  0x0000000000003994      0x204 build/obj/testdyn.o
 .debug_abbrev  0x0000000000003b98      0x244 build/obj/testqueues.o
 .debug_abbrev  0x0000000000003ddc      0x2d1 build/obj/testbmk.o
 .debug_abbrev  0x00000000000040ad      0x165 build/obj/hal.o
 .debug_abbrev  0x0000000000004212      0x28c build/obj/adc.o
 .debug_abbrev  0x000000000000449e      0x25e build/obj/can.o
 .debug_abbrev  0x00000000000046fc       0x4f build/obj/ext.o
 .debug_abbrev  0x000000000000474b       0x4f build/obj/gpt.o
 .debug_abbrev  0x000000000000479a       0x4f build/obj/i2c.o
 .debug_abbrev  0x00000000000047e9       0x4f build/obj/icu.o
 .debug_abbrev  0x0000000000004838       0x4f build/obj/mac.o
 .debug_abbrev  0x0000000000004887       0x4f build/obj/mmc_spi.o
 .debug_abbrev  0x00000000000048d6       0x4f build/obj/mmcsd.o
 .debug_abbrev  0x0000000000004925      0x113 build/obj/pal.o
 .debug_abbrev  0x0000000000004a38      0x198 build/obj/pwm.o
 .debug_abbrev  0x0000000000004bd0       0x4f build/obj/rtc.o
 .debug_abbrev  0x0000000000004c1f       0x4f build/obj/sdc.o
 .debug_abbrev  0x0000000000004c6e       0x4f build/obj/serial.o
 .debug_abbrev  0x0000000000004cbd       0x4f build/obj/serial_usb.o
 .debug_abbrev  0x0000000000004d0c      0x234 build/obj/spi.o
 .debug_abbrev  0x0000000000004f40       0x4f build/obj/tm.o
 .debug_abbrev  0x0000000000004f8f       0x4f build/obj/uart.o
 .debug_abbrev  0x0000000000004fde      0x30f build/obj/usb.o
 .debug_abbrev  0x00000000000052ed      0x199 build/obj/stm32_dma.o
 .debug_abbrev  0x0000000000005486      0x108 build/obj/hal_lld.o
 .debug_abbrev  0x000000000000558e      0x241 build/obj/adc_lld.o
 .debug_abbrev  0x00000000000057cf       0x4f build/obj/ext_lld_isr.o
 .debug_abbrev  0x000000000000581e      0x2a0 build/obj/can_lld.o
 .debug_abbrev  0x0000000000005abe       0x4f build/obj/ext_lld.o
 .debug_abbrev  0x0000000000005b0d       0x4f build/obj/gpt_lld.o
 .debug_abbrev  0x0000000000005b5c       0x4f build/obj/icu_lld.o
 .debug_abbrev  0x0000000000005bab       0x4f build/obj/mac_lld.o
 .debug_abbrev  0x0000000000005bfa      0x20c build/obj/pwm_lld.o
 .debug_abbrev  0x0000000000005e06       0x4f build/obj/sdc_lld.o
 .debug_abbrev  0x0000000000005e55       0x4f build/obj/serial_lld.o
 .debug_abbrev  0x0000000000005ea4      0x285 build/obj/spi_lld.o
 .debug_abbrev  0x0000000000006129      0x1c0 build/obj/pal_lld.o
 .debug_abbrev  0x00000000000062e9       0x4f build/obj/i2c_lld.o
 .debug_abbrev  0x0000000000006338      0x477 build/obj/usb_lld.o
 .debug_abbrev  0x00000000000067af       0x4f build/obj/rtc_lld.o
 .debug_abbrev  0x00000000000067fe       0x4f build/obj/uart_lld.o
 .debug_abbrev  0x000000000000684d       0xa9 build/obj/board.o
 .debug_abbrev  0x00000000000068f6      0x1a5 build/obj/lis302dl.o
 .debug_abbrev  0x0000000000006a9b      0x1a0 build/obj/chprintf.o
 .debug_abbrev  0x0000000000006c3b      0x2e9 build/obj/main.o
 .debug_abbrev  0x0000000000006f24       0x99 /home/craig/gcc/arm/lib/gcc/arm-none-eabi/4.6.2/../../../../arm-none-eabi/lib/thumb/cortex-m4/libc.a(lib_a-memcpy.o)
 .debug_abbrev  0x0000000000006fbd       0x8d /home/craig/gcc/arm/lib/gcc/arm-none-eabi/4.6.2/../../../../arm-none-eabi/lib/thumb/cortex-m4/libc.a(lib_a-memset.o)

.debug_loc      0x0000000000000000     0xac91
 .debug_loc     0x0000000000000000       0x72 build/obj/crt0.o
 .debug_loc     0x0000000000000072       0xf4 build/obj/chcore_v7m.o
 .debug_loc     0x0000000000000166      0x102 build/obj/nvic.o
 .debug_loc     0x0000000000000268       0xcf build/obj/chsys.o
 .debug_loc     0x0000000000000337       0xb4 build/obj/chvt.o
 .debug_loc     0x00000000000003eb      0x300 build/obj/chschd.o
 .debug_loc     0x00000000000006eb      0x4f7 build/obj/chthreads.o
 .debug_loc     0x0000000000000be2      0x2c0 build/obj/chdynamic.o
 .debug_loc     0x0000000000000ea2       0xd4 build/obj/chregistry.o
 .debug_loc     0x0000000000000f76      0x59d build/obj/chsem.o
 .debug_loc     0x0000000000001513      0x4c3 build/obj/chmtx.o
 .debug_loc     0x00000000000019d6      0x466 build/obj/chcond.o
 .debug_loc     0x0000000000001e3c      0x7b2 build/obj/chevents.o
 .debug_loc     0x00000000000025ee      0x19c build/obj/chmsg.o
 .debug_loc     0x000000000000278a      0x532 build/obj/chmboxes.o
 .debug_loc     0x0000000000002cbc      0x738 build/obj/chqueues.o
 .debug_loc     0x00000000000033f4       0x9c build/obj/chmemcore.o
 .debug_loc     0x0000000000003490      0x2a5 build/obj/chheap.o
 .debug_loc     0x0000000000003735      0x219 build/obj/chmempools.o
 .debug_loc     0x000000000000394e      0x4f1 build/obj/test.o
 .debug_loc     0x0000000000003e3f      0x1d2 build/obj/testthd.o
 .debug_loc     0x0000000000004011      0x2ba build/obj/testsem.o
 .debug_loc     0x00000000000042cb      0x624 build/obj/testmtx.o
 .debug_loc     0x00000000000048ef       0xe0 build/obj/testmsg.o
 .debug_loc     0x00000000000049cf      0x5ef build/obj/testmbox.o
 .debug_loc     0x0000000000004fbe      0x252 build/obj/testevt.o
 .debug_loc     0x0000000000005210      0x1a2 build/obj/testheap.o
 .debug_loc     0x00000000000053b2       0x47 build/obj/testpools.o
 .debug_loc     0x00000000000053f9      0x1d2 build/obj/testdyn.o
 .debug_loc     0x00000000000055cb      0x673 build/obj/testqueues.o
 .debug_loc     0x0000000000005c3e      0x5e7 build/obj/testbmk.o
 .debug_loc     0x0000000000006225       0x7c build/obj/hal.o
 .debug_loc     0x00000000000062a1      0x448 build/obj/adc.o
 .debug_loc     0x00000000000066e9      0x396 build/obj/can.o
 .debug_loc     0x0000000000006a7f       0x77 build/obj/pal.o
 .debug_loc     0x0000000000006af6      0x20b build/obj/pwm.o
 .debug_loc     0x0000000000006d01      0x651 build/obj/spi.o
 .debug_loc     0x0000000000007352      0x880 build/obj/usb.o
 .debug_loc     0x0000000000007bd2      0x5b1 build/obj/stm32_dma.o
 .debug_loc     0x0000000000008183       0x20 build/obj/hal_lld.o
 .debug_loc     0x00000000000081a3      0x339 build/obj/adc_lld.o
 .debug_loc     0x00000000000084dc      0x3e2 build/obj/can_lld.o
 .debug_loc     0x00000000000088be      0x1c0 build/obj/pwm_lld.o
 .debug_loc     0x0000000000008a7e      0x2bf build/obj/spi_lld.o
 .debug_loc     0x0000000000008d3d       0xf3 build/obj/pal_lld.o
 .debug_loc     0x0000000000008e30      0xee6 build/obj/usb_lld.o
 .debug_loc     0x0000000000009d16       0xb5 build/obj/lis302dl.o
 .debug_loc     0x0000000000009dcb      0x7be build/obj/chprintf.o
 .debug_loc     0x000000000000a589      0x341 build/obj/main.o
 .debug_loc     0x000000000000a8ca      0x1cc /home/craig/gcc/arm/lib/gcc/arm-none-eabi/4.6.2/../../../../arm-none-eabi/lib/thumb/cortex-m4/libc.a(lib_a-memcpy.o)
 .debug_loc     0x000000000000aa96      0x1fb /home/craig/gcc/arm/lib/gcc/arm-none-eabi/4.6.2/../../../../arm-none-eabi/lib/thumb/cortex-m4/libc.a(lib_a-memset.o)

.debug_aranges  0x0000000000000000     0x1248
 .debug_aranges
                0x0000000000000000       0x38 build/obj/crt0.o
 .debug_aranges
                0x0000000000000038       0x20 build/obj/vectors.o
 .debug_aranges
                0x0000000000000058       0x20 build/obj/chcore.o
 .debug_aranges
                0x0000000000000078       0x50 build/obj/chcore_v7m.o
 .debug_aranges
                0x00000000000000c8       0x30 build/obj/nvic.o
 .debug_aranges
                0x00000000000000f8       0x30 build/obj/chsys.o
 .debug_aranges
                0x0000000000000128       0x38 build/obj/chvt.o
 .debug_aranges
                0x0000000000000160       0x68 build/obj/chschd.o
 .debug_aranges
                0x00000000000001c8       0x78 build/obj/chthreads.o
 .debug_aranges
                0x0000000000000240       0x38 build/obj/chdynamic.o
 .debug_aranges
                0x0000000000000278       0x28 build/obj/chregistry.o
 .debug_aranges
                0x00000000000002a0       0x70 build/obj/chsem.o
 .debug_aranges
                0x0000000000000310       0x58 build/obj/chmtx.o
 .debug_aranges
                0x0000000000000368       0x60 build/obj/chcond.o
 .debug_aranges
                0x00000000000003c8       0x90 build/obj/chevents.o
 .debug_aranges
                0x0000000000000458       0x30 build/obj/chmsg.o
 .debug_aranges
                0x0000000000000488       0x70 build/obj/chmboxes.o
 .debug_aranges
                0x00000000000004f8       0x70 build/obj/chqueues.o
 .debug_aranges
                0x0000000000000568       0x38 build/obj/chmemcore.o
 .debug_aranges
                0x00000000000005a0       0x40 build/obj/chheap.o
 .debug_aranges
                0x00000000000005e0       0x48 build/obj/chmempools.o
 .debug_aranges
                0x0000000000000628       0x98 build/obj/test.o
 .debug_aranges
                0x00000000000006c0       0x40 build/obj/testthd.o
 .debug_aranges
                0x0000000000000700       0x70 build/obj/testsem.o
 .debug_aranges
                0x0000000000000770      0x108 build/obj/testmtx.o
 .debug_aranges
                0x0000000000000878       0x28 build/obj/testmsg.o
 .debug_aranges
                0x00000000000008a0       0x28 build/obj/testmbox.o
 .debug_aranges
                0x00000000000008c8       0x70 build/obj/testevt.o
 .debug_aranges
                0x0000000000000938       0x28 build/obj/testheap.o
 .debug_aranges
                0x0000000000000960       0x30 build/obj/testpools.o
 .debug_aranges
                0x0000000000000990       0x58 build/obj/testdyn.o
 .debug_aranges
                0x00000000000009e8       0x50 build/obj/testqueues.o
 .debug_aranges
                0x0000000000000a38       0xd0 build/obj/testbmk.o
 .debug_aranges
                0x0000000000000b08       0x30 build/obj/hal.o
 .debug_aranges
                0x0000000000000b38       0x70 build/obj/adc.o
 .debug_aranges
                0x0000000000000ba8       0x60 build/obj/can.o
 .debug_aranges
                0x0000000000000c08       0x30 build/obj/pal.o
 .debug_aranges
                0x0000000000000c38       0x50 build/obj/pwm.o
 .debug_aranges
                0x0000000000000c88       0x98 build/obj/spi.o
 .debug_aranges
                0x0000000000000d20       0xa8 build/obj/usb.o
 .debug_aranges
                0x0000000000000dc8       0xb0 build/obj/stm32_dma.o
 .debug_aranges
                0x0000000000000e78       0x28 build/obj/hal_lld.o
 .debug_aranges
                0x0000000000000ea0       0x70 build/obj/adc_lld.o
 .debug_aranges
                0x0000000000000f10       0x80 build/obj/can_lld.o
 .debug_aranges
                0x0000000000000f90       0x48 build/obj/pwm_lld.o
 .debug_aranges
                0x0000000000000fd8       0x78 build/obj/spi_lld.o
 .debug_aranges
                0x0000000000001050       0x28 build/obj/pal_lld.o
 .debug_aranges
                0x0000000000001078       0xd8 build/obj/usb_lld.o
 .debug_aranges
                0x0000000000001150       0x28 build/obj/board.o
 .debug_aranges
                0x0000000000001178       0x28 build/obj/lis302dl.o
 .debug_aranges
                0x00000000000011a0       0x20 build/obj/chprintf.o
 .debug_aranges
                0x00000000000011c0       0x48 build/obj/main.o
 .debug_aranges
                0x0000000000001208       0x20 /home/craig/gcc/arm/lib/gcc/arm-none-eabi/4.6.2/../../../../arm-none-eabi/lib/thumb/cortex-m4/libc.a(lib_a-memcpy.o)
 .debug_aranges
                0x0000000000001228       0x20 /home/craig/gcc/arm/lib/gcc/arm-none-eabi/4.6.2/../../../../arm-none-eabi/lib/thumb/cortex-m4/libc.a(lib_a-memset.o)

.debug_ranges   0x0000000000000000     0x2048
 .debug_ranges  0x0000000000000000       0x58 build/obj/crt0.o
 .debug_ranges  0x0000000000000058       0x10 build/obj/vectors.o
 .debug_ranges  0x0000000000000068       0x10 build/obj/chcore.o
 .debug_ranges  0x0000000000000078       0x58 build/obj/chcore_v7m.o
 .debug_ranges  0x00000000000000d0       0x20 build/obj/nvic.o
 .debug_ranges  0x00000000000000f0       0x20 build/obj/chsys.o
 .debug_ranges  0x0000000000000110       0x28 build/obj/chvt.o
 .debug_ranges  0x0000000000000138      0x1c0 build/obj/chschd.o
 .debug_ranges  0x00000000000002f8       0xc8 build/obj/chthreads.o
 .debug_ranges  0x00000000000003c0       0x28 build/obj/chdynamic.o
 .debug_ranges  0x00000000000003e8       0x30 build/obj/chregistry.o
 .debug_ranges  0x0000000000000418       0xf0 build/obj/chsem.o
 .debug_ranges  0x0000000000000508      0x1e8 build/obj/chmtx.o
 .debug_ranges  0x00000000000006f0       0xe0 build/obj/chcond.o
 .debug_ranges  0x00000000000007d0       0xc8 build/obj/chevents.o
 .debug_ranges  0x0000000000000898       0x38 build/obj/chmsg.o
 .debug_ranges  0x00000000000008d0       0x78 build/obj/chmboxes.o
 .debug_ranges  0x0000000000000948       0xc0 build/obj/chqueues.o
 .debug_ranges  0x0000000000000a08       0x28 build/obj/chmemcore.o
 .debug_ranges  0x0000000000000a30       0x30 build/obj/chheap.o
 .debug_ranges  0x0000000000000a60       0xf8 build/obj/chmempools.o
 .debug_ranges  0x0000000000000b58      0x138 build/obj/test.o
 .debug_ranges  0x0000000000000c90       0x90 build/obj/testthd.o
 .debug_ranges  0x0000000000000d20       0xc0 build/obj/testsem.o
 .debug_ranges  0x0000000000000de0      0x110 build/obj/testmtx.o
 .debug_ranges  0x0000000000000ef0       0x18 build/obj/testmsg.o
 .debug_ranges  0x0000000000000f08       0xc0 build/obj/testmbox.o
 .debug_ranges  0x0000000000000fc8       0x90 build/obj/testevt.o
 .debug_ranges  0x0000000000001058       0x18 build/obj/testheap.o
 .debug_ranges  0x0000000000001070       0x60 build/obj/testpools.o
 .debug_ranges  0x00000000000010d0       0x48 build/obj/testdyn.o
 .debug_ranges  0x0000000000001118      0x130 build/obj/testqueues.o
 .debug_ranges  0x0000000000001248       0xd8 build/obj/testbmk.o
 .debug_ranges  0x0000000000001320       0x60 build/obj/hal.o
 .debug_ranges  0x0000000000001380       0xf0 build/obj/adc.o
 .debug_ranges  0x0000000000001470       0xc8 build/obj/can.o
 .debug_ranges  0x0000000000001538       0x20 build/obj/pal.o
 .debug_ranges  0x0000000000001558       0x70 build/obj/pwm.o
 .debug_ranges  0x00000000000015c8      0x130 build/obj/spi.o
 .debug_ranges  0x00000000000016f8       0xe0 build/obj/usb.o
 .debug_ranges  0x00000000000017d8       0xa0 build/obj/stm32_dma.o
 .debug_ranges  0x0000000000001878       0x30 build/obj/hal_lld.o
 .debug_ranges  0x00000000000018a8       0x60 build/obj/adc_lld.o
 .debug_ranges  0x0000000000001908       0x70 build/obj/can_lld.o
 .debug_ranges  0x0000000000001978       0x68 build/obj/pwm_lld.o
 .debug_ranges  0x00000000000019e0       0x68 build/obj/spi_lld.o
 .debug_ranges  0x0000000000001a48      0x160 build/obj/pal_lld.o
 .debug_ranges  0x0000000000001ba8      0x380 build/obj/usb_lld.o
 .debug_ranges  0x0000000000001f28       0x18 build/obj/board.o
 .debug_ranges  0x0000000000001f40       0x18 build/obj/lis302dl.o
 .debug_ranges  0x0000000000001f58       0xb8 build/obj/chprintf.o
 .debug_ranges  0x0000000000002010       0x38 build/obj/main.o

.debug_line     0x0000000000000000     0x9677
 .debug_line    0x0000000000000000      0x117 build/obj/crt0.o
 .debug_line    0x0000000000000117       0x5e build/obj/vectors.o
 .debug_line    0x0000000000000175       0x53 build/obj/chcore.o
 .debug_line    0x00000000000001c8      0x1e4 build/obj/chcore_v7m.o
 .debug_line    0x00000000000003ac       0xfb build/obj/nvic.o
 .debug_line    0x00000000000004a7      0x180 build/obj/chsys.o
 .debug_line    0x0000000000000627       0x1d build/obj/chdebug.o
 .debug_line    0x0000000000000644       0x1d build/obj/chlists.o
 .debug_line    0x0000000000000661      0x159 build/obj/chvt.o
 .debug_line    0x00000000000007ba      0x31b build/obj/chschd.o
 .debug_line    0x0000000000000ad5      0x31a build/obj/chthreads.o
 .debug_line    0x0000000000000def      0x204 build/obj/chdynamic.o
 .debug_line    0x0000000000000ff3      0x1a7 build/obj/chregistry.o
 .debug_line    0x000000000000119a      0x2f1 build/obj/chsem.o
 .debug_line    0x000000000000148b      0x32b build/obj/chmtx.o
 .debug_line    0x00000000000017b6      0x257 build/obj/chcond.o
 .debug_line    0x0000000000001a0d      0x2dd build/obj/chevents.o
 .debug_line    0x0000000000001cea      0x18d build/obj/chmsg.o
 .debug_line    0x0000000000001e77      0x25a build/obj/chmboxes.o
 .debug_line    0x00000000000020d1      0x37c build/obj/chqueues.o
 .debug_line    0x000000000000244d      0x13e build/obj/chmemcore.o
 .debug_line    0x000000000000258b      0x249 build/obj/chheap.o
 .debug_line    0x00000000000027d4      0x1c0 build/obj/chmempools.o
 .debug_line    0x0000000000002994      0x491 build/obj/test.o
 .debug_line    0x0000000000002e25      0x1d2 build/obj/testthd.o
 .debug_line    0x0000000000002ff7      0x2a1 build/obj/testsem.o
 .debug_line    0x0000000000003298      0x479 build/obj/testmtx.o
 .debug_line    0x0000000000003711      0x159 build/obj/testmsg.o
 .debug_line    0x000000000000386a      0x1d8 build/obj/testmbox.o
 .debug_line    0x0000000000003a42      0x269 build/obj/testevt.o
 .debug_line    0x0000000000003cab      0x1e4 build/obj/testheap.o
 .debug_line    0x0000000000003e8f      0x106 build/obj/testpools.o
 .debug_line    0x0000000000003f95      0x2d3 build/obj/testdyn.o
 .debug_line    0x0000000000004268      0x27a build/obj/testqueues.o
 .debug_line    0x00000000000044e2      0x59f build/obj/testbmk.o
 .debug_line    0x0000000000004a81      0x1fa build/obj/hal.o
 .debug_line    0x0000000000004c7b      0x341 build/obj/adc.o
 .debug_line    0x0000000000004fbc      0x2df build/obj/can.o
 .debug_line    0x000000000000529b       0xb4 build/obj/ext.o
 .debug_line    0x000000000000534f       0xb4 build/obj/gpt.o
 .debug_line    0x0000000000005403       0xb4 build/obj/i2c.o
 .debug_line    0x00000000000054b7       0xb4 build/obj/icu.o
 .debug_line    0x000000000000556b       0xb4 build/obj/mac.o
 .debug_line    0x000000000000561f       0xb4 build/obj/mmc_spi.o
 .debug_line    0x00000000000056d3       0xb4 build/obj/mmcsd.o
 .debug_line    0x0000000000005787      0x157 build/obj/pal.o
 .debug_line    0x00000000000058de      0x1b2 build/obj/pwm.o
 .debug_line    0x0000000000005a90       0xb4 build/obj/rtc.o
 .debug_line    0x0000000000005b44       0xb4 build/obj/sdc.o
 .debug_line    0x0000000000005bf8       0xb4 build/obj/serial.o
 .debug_line    0x0000000000005cac       0xb4 build/obj/serial_usb.o
 .debug_line    0x0000000000005d60      0x3a5 build/obj/spi.o
 .debug_line    0x0000000000006105       0xb4 build/obj/tm.o
 .debug_line    0x00000000000061b9       0xb4 build/obj/uart.o
 .debug_line    0x000000000000626d      0x4ad build/obj/usb.o
 .debug_line    0x000000000000671a      0x36c build/obj/stm32_dma.o
 .debug_line    0x0000000000006a86      0x1ae build/obj/hal_lld.o
 .debug_line    0x0000000000006c34      0x3d7 build/obj/adc_lld.o
 .debug_line    0x000000000000700b       0xb4 build/obj/ext_lld_isr.o
 .debug_line    0x00000000000070bf      0x369 build/obj/can_lld.o
 .debug_line    0x0000000000007428       0xb4 build/obj/ext_lld.o
 .debug_line    0x00000000000074dc       0xb4 build/obj/gpt_lld.o
 .debug_line    0x0000000000007590       0xb4 build/obj/icu_lld.o
 .debug_line    0x0000000000007644       0xb4 build/obj/mac_lld.o
 .debug_line    0x00000000000076f8      0x233 build/obj/pwm_lld.o
 .debug_line    0x000000000000792b       0xb4 build/obj/sdc_lld.o
 .debug_line    0x00000000000079df       0xb4 build/obj/serial_lld.o
 .debug_line    0x0000000000007a93      0x416 build/obj/spi_lld.o
 .debug_line    0x0000000000007ea9      0x1d8 build/obj/pal_lld.o
 .debug_line    0x0000000000008081       0xb4 build/obj/i2c_lld.o
 .debug_line    0x0000000000008135      0x777 build/obj/usb_lld.o
 .debug_line    0x00000000000088ac       0xb4 build/obj/rtc_lld.o
 .debug_line    0x0000000000008960       0xb4 build/obj/uart_lld.o
 .debug_line    0x0000000000008a14      0x134 build/obj/board.o
 .debug_line    0x0000000000008b48      0x251 build/obj/lis302dl.o
 .debug_line    0x0000000000008d99      0x2a9 build/obj/chprintf.o
 .debug_line    0x0000000000009042      0x30d build/obj/main.o
 .debug_line    0x000000000000934f      0x19c /home/craig/gcc/arm/lib/gcc/arm-none-eabi/4.6.2/../../../../arm-none-eabi/lib/thumb/cortex-m4/libc.a(lib_a-memcpy.o)
 .debug_line    0x00000000000094eb      0x18c /home/craig/gcc/arm/lib/gcc/arm-none-eabi/4.6.2/../../../../arm-none-eabi/lib/thumb/cortex-m4/libc.a(lib_a-memset.o)

.debug_str      0x0000000000000000     0x43b1
 .debug_str     0x0000000000000000      0x1e1 build/obj/crt0.o
                                        0x226 (size before relaxing)
 .debug_str     0x00000000000001e1       0x4c build/obj/vectors.o
                                        0x120 (size before relaxing)
 .debug_str     0x000000000000022d       0x2d build/obj/chcore.o
                                        0x101 (size before relaxing)
 .debug_str     0x000000000000025a      0x289 build/obj/chcore_v7m.o
                                        0x38c (size before relaxing)
 .debug_str     0x00000000000004e3       0xb3 build/obj/nvic.o
                                        0x1f8 (size before relaxing)
 .debug_str     0x0000000000000596       0xcb build/obj/chsys.o
                                        0x356 (size before relaxing)
 .debug_str     0x0000000000000661       0x1e build/obj/chdebug.o
                                         0xf2 (size before relaxing)
 .debug_str     0x000000000000067f       0x1e build/obj/chlists.o
                                         0xf2 (size before relaxing)
 .debug_str     0x000000000000069d       0x55 build/obj/chvt.o
                                        0x1a5 (size before relaxing)
 .debug_str     0x00000000000006f2       0xe6 build/obj/chschd.o
                                        0x3c2 (size before relaxing)
 .debug_str     0x00000000000007d8       0xec build/obj/chthreads.o
                                        0x3dc (size before relaxing)
 .debug_str     0x00000000000008c4       0xec build/obj/chdynamic.o
                                        0x37d (size before relaxing)
 .debug_str     0x00000000000009b0      0x13d build/obj/chregistry.o
                                        0x3c7 (size before relaxing)
 .debug_str     0x0000000000000aed       0xc8 build/obj/chsem.o
                                        0x37a (size before relaxing)
 .debug_str     0x0000000000000bb5       0x8a build/obj/chmtx.o
                                        0x330 (size before relaxing)
 .debug_str     0x0000000000000c3f       0xb0 build/obj/chcond.o
                                        0x350 (size before relaxing)
 .debug_str     0x0000000000000cef      0x179 build/obj/chevents.o
                                        0x406 (size before relaxing)
 .debug_str     0x0000000000000e68       0x3d build/obj/chmsg.o
                                        0x2d9 (size before relaxing)
 .debug_str     0x0000000000000ea5       0xe2 build/obj/chmboxes.o
                                        0x349 (size before relaxing)
 .debug_str     0x0000000000000f87      0x119 build/obj/chqueues.o
                                        0x3d2 (size before relaxing)
 .debug_str     0x00000000000010a0       0x7b build/obj/chmemcore.o
                                        0x16c (size before relaxing)
 .debug_str     0x000000000000111b       0x6a build/obj/chheap.o
                                        0x32c (size before relaxing)
 .debug_str     0x0000000000001185       0x6c build/obj/chmempools.o
                                        0x1ba (size before relaxing)
 .debug_str     0x00000000000011f1      0x26a build/obj/test.o
                                        0x5a8 (size before relaxing)
 .debug_str     0x000000000000145b       0x6d build/obj/testthd.o
                                        0x38f (size before relaxing)
 .debug_str     0x00000000000014c8       0xd6 build/obj/testsem.o
                                        0x40a (size before relaxing)
 .debug_str     0x000000000000159e      0x194 build/obj/testmtx.o
                                        0x4ce (size before relaxing)
 .debug_str     0x0000000000001732       0x2b build/obj/testmsg.o
                                        0x2ed (size before relaxing)
 .debug_str     0x000000000000175d       0x3f build/obj/testmbox.o
                                        0x346 (size before relaxing)
 .debug_str     0x000000000000179c       0x7f build/obj/testevt.o
                                        0x400 (size before relaxing)
 .debug_str     0x000000000000181b       0x44 build/obj/testheap.o
                                        0x34a (size before relaxing)
 .debug_str     0x000000000000185f       0x4c build/obj/testpools.o
                                        0x1ad (size before relaxing)
 .debug_str     0x00000000000018ab       0x86 build/obj/testdyn.o
                                        0x42d (size before relaxing)
 .debug_str     0x0000000000001931       0x6c build/obj/testqueues.o
                                        0x3ed (size before relaxing)
 .debug_str     0x000000000000199d      0x179 build/obj/testbmk.o
                                        0x547 (size before relaxing)
 .debug_str     0x0000000000001b16      0x12d build/obj/hal.o
                                        0x22c (size before relaxing)
 .debug_str     0x0000000000001c43      0x2af build/obj/adc.o
                                        0x572 (size before relaxing)
 .debug_str     0x0000000000001ef2      0x28e build/obj/can.o
                                        0x56a (size before relaxing)
 .debug_str     0x0000000000002180       0x17 build/obj/ext.o
                                        0x100 (size before relaxing)
 .debug_str     0x0000000000002197       0x17 build/obj/gpt.o
                                        0x100 (size before relaxing)
 .debug_str     0x00000000000021ae       0x17 build/obj/i2c.o
                                        0x100 (size before relaxing)
 .debug_str     0x00000000000021c5       0x17 build/obj/icu.o
                                        0x100 (size before relaxing)
 .debug_str     0x00000000000021dc       0x17 build/obj/mac.o
                                        0x100 (size before relaxing)
 .debug_str     0x00000000000021f3       0x1b build/obj/mmc_spi.o
                                        0x104 (size before relaxing)
 .debug_str     0x000000000000220e       0x19 build/obj/mmcsd.o
                                        0x102 (size before relaxing)
 .debug_str     0x0000000000002227       0xc5 build/obj/pal.o
                                        0x1ca (size before relaxing)
 .debug_str     0x00000000000022ec      0x1c6 build/obj/pwm.o
                                        0x2ec (size before relaxing)
 .debug_str     0x00000000000024b2       0x17 build/obj/rtc.o
                                        0x100 (size before relaxing)
 .debug_str     0x00000000000024c9       0x17 build/obj/sdc.o
                                        0x100 (size before relaxing)
 .debug_str     0x00000000000024e0       0x1a build/obj/serial.o
                                        0x103 (size before relaxing)
 .debug_str     0x00000000000024fa       0x1e build/obj/serial_usb.o
                                        0x107 (size before relaxing)
 .debug_str     0x0000000000002518      0x1bb build/obj/spi.o
                                        0x566 (size before relaxing)
 .debug_str     0x00000000000026d3       0x16 build/obj/tm.o
                                         0xff (size before relaxing)
 .debug_str     0x00000000000026e9       0x18 build/obj/uart.o
                                        0x101 (size before relaxing)
 .debug_str     0x0000000000002701      0x77f build/obj/usb.o
                                        0xacd (size before relaxing)
 .debug_str     0x0000000000002e80      0x72d build/obj/stm32_dma.o
                                        0x8ef (size before relaxing)
 .debug_str     0x00000000000035ad       0xc4 build/obj/hal_lld.o
                                        0x2ff (size before relaxing)
 .debug_str     0x0000000000003671      0x127 build/obj/adc_lld.o
                                        0xbd4 (size before relaxing)
 .debug_str     0x0000000000003798       0x2f build/obj/ext_lld_isr.o
                                        0x118 (size before relaxing)
 .debug_str     0x00000000000037c7       0xf0 build/obj/can_lld.o
                                        0xba5 (size before relaxing)
 .debug_str     0x00000000000038b7       0x27 build/obj/ext_lld.o
                                        0x110 (size before relaxing)
 .debug_str     0x00000000000038de       0x27 build/obj/gpt_lld.o
                                        0x110 (size before relaxing)
 .debug_str     0x0000000000003905       0x27 build/obj/icu_lld.o
                                        0x110 (size before relaxing)
 .debug_str     0x000000000000392c       0x27 build/obj/mac_lld.o
                                        0x110 (size before relaxing)
 .debug_str     0x0000000000003953       0xaf build/obj/pwm_lld.o
                                        0x928 (size before relaxing)
 .debug_str     0x0000000000003a02       0x27 build/obj/sdc_lld.o
                                        0x110 (size before relaxing)
 .debug_str     0x0000000000003a29       0x2a build/obj/serial_lld.o
                                        0x113 (size before relaxing)
 .debug_str     0x0000000000003a53      0x116 build/obj/spi_lld.o
                                        0x659 (size before relaxing)
 .debug_str     0x0000000000003b69       0x6f build/obj/pal_lld.o
                                        0x360 (size before relaxing)
 .debug_str     0x0000000000003bd8       0x2d build/obj/i2c_lld.o
                                        0x116 (size before relaxing)
 .debug_str     0x0000000000003c05      0x361 build/obj/usb_lld.o
                                       0x130d (size before relaxing)
 .debug_str     0x0000000000003f66       0x2d build/obj/rtc_lld.o
                                        0x116 (size before relaxing)
 .debug_str     0x0000000000003f93       0x30 build/obj/uart_lld.o
                                        0x119 (size before relaxing)
 .debug_str     0x0000000000003fc3       0x34 build/obj/board.o
                                        0x1c7 (size before relaxing)
 .debug_str     0x0000000000003ff7       0x5f build/obj/lis302dl.o
                                        0x4a9 (size before relaxing)
 .debug_str     0x0000000000004056       0x9e build/obj/chprintf.o
                                        0x1eb (size before relaxing)
 .debug_str     0x00000000000040f4      0x18b build/obj/main.o
                                        0xb04 (size before relaxing)
 .debug_str     0x000000000000427f       0xd6 /home/craig/gcc/arm/lib/gcc/arm-none-eabi/4.6.2/../../../../arm-none-eabi/lib/thumb/cortex-m4/libc.a(lib_a-memcpy.o)
                                        0x188 (size before relaxing)
 .debug_str     0x0000000000004355       0x5c /home/craig/gcc/arm/lib/gcc/arm-none-eabi/4.6.2/../../../../arm-none-eabi/lib/thumb/cortex-m4/libc.a(lib_a-memset.o)
                                        0x175 (size before relaxing)

.comment        0x0000000000000000       0x3a
 .comment       0x0000000000000000       0x3a build/obj/crt0.o
                                         0x3b (size before relaxing)
 .comment       0x0000000000000000       0x3b build/obj/vectors.o
 .comment       0x0000000000000000       0x3b build/obj/chcore.o
 .comment       0x0000000000000000       0x3b build/obj/chcore_v7m.o
 .comment       0x0000000000000000       0x3b build/obj/nvic.o
 .comment       0x0000000000000000       0x3b build/obj/chsys.o
 .comment       0x0000000000000000       0x3b build/obj/chdebug.o
 .comment       0x0000000000000000       0x3b build/obj/chlists.o
 .comment       0x0000000000000000       0x3b build/obj/chvt.o
 .comment       0x0000000000000000       0x3b build/obj/chschd.o
 .comment       0x0000000000000000       0x3b build/obj/chthreads.o
 .comment       0x0000000000000000       0x3b build/obj/chdynamic.o
 .comment       0x0000000000000000       0x3b build/obj/chregistry.o
 .comment       0x0000000000000000       0x3b build/obj/chsem.o
 .comment       0x0000000000000000       0x3b build/obj/chmtx.o
 .comment       0x0000000000000000       0x3b build/obj/chcond.o
 .comment       0x0000000000000000       0x3b build/obj/chevents.o
 .comment       0x0000000000000000       0x3b build/obj/chmsg.o
 .comment       0x0000000000000000       0x3b build/obj/chmboxes.o
 .comment       0x0000000000000000       0x3b build/obj/chqueues.o
 .comment       0x0000000000000000       0x3b build/obj/chmemcore.o
 .comment       0x0000000000000000       0x3b build/obj/chheap.o
 .comment       0x0000000000000000       0x3b build/obj/chmempools.o
 .comment       0x0000000000000000       0x3b build/obj/test.o
 .comment       0x0000000000000000       0x3b build/obj/testthd.o
 .comment       0x0000000000000000       0x3b build/obj/testsem.o
 .comment       0x0000000000000000       0x3b build/obj/testmtx.o
 .comment       0x0000000000000000       0x3b build/obj/testmsg.o
 .comment       0x0000000000000000       0x3b build/obj/testmbox.o
 .comment       0x0000000000000000       0x3b build/obj/testevt.o
 .comment       0x0000000000000000       0x3b build/obj/testheap.o
 .comment       0x0000000000000000       0x3b build/obj/testpools.o
 .comment       0x0000000000000000       0x3b build/obj/testdyn.o
 .comment       0x0000000000000000       0x3b build/obj/testqueues.o
 .comment       0x0000000000000000       0x3b build/obj/testbmk.o
 .comment       0x0000000000000000       0x3b build/obj/hal.o
 .comment       0x0000000000000000       0x3b build/obj/adc.o
 .comment       0x0000000000000000       0x3b build/obj/can.o
 .comment       0x0000000000000000       0x3b build/obj/ext.o
 .comment       0x0000000000000000       0x3b build/obj/gpt.o
 .comment       0x0000000000000000       0x3b build/obj/i2c.o
 .comment       0x0000000000000000       0x3b build/obj/icu.o
 .comment       0x0000000000000000       0x3b build/obj/mac.o
 .comment       0x0000000000000000       0x3b build/obj/mmc_spi.o
 .comment       0x0000000000000000       0x3b build/obj/mmcsd.o
 .comment       0x0000000000000000       0x3b build/obj/pal.o
 .comment       0x0000000000000000       0x3b build/obj/pwm.o
 .comment       0x0000000000000000       0x3b build/obj/rtc.o
 .comment       0x0000000000000000       0x3b build/obj/sdc.o
 .comment       0x0000000000000000       0x3b build/obj/serial.o
 .comment       0x0000000000000000       0x3b build/obj/serial_usb.o
 .comment       0x0000000000000000       0x3b build/obj/spi.o
 .comment       0x0000000000000000       0x3b build/obj/tm.o
 .comment       0x0000000000000000       0x3b build/obj/uart.o
 .comment       0x0000000000000000       0x3b build/obj/usb.o
 .comment       0x0000000000000000       0x3b build/obj/stm32_dma.o
 .comment       0x0000000000000000       0x3b build/obj/hal_lld.o
 .comment       0x0000000000000000       0x3b build/obj/adc_lld.o
 .comment       0x0000000000000000       0x3b build/obj/ext_lld_isr.o
 .comment       0x0000000000000000       0x3b build/obj/can_lld.o
 .comment       0x0000000000000000       0x3b build/obj/ext_lld.o
 .comment       0x0000000000000000       0x3b build/obj/gpt_lld.o
 .comment       0x0000000000000000       0x3b build/obj/icu_lld.o
 .comment       0x0000000000000000       0x3b build/obj/mac_lld.o
 .comment       0x0000000000000000       0x3b build/obj/pwm_lld.o
 .comment       0x0000000000000000       0x3b build/obj/sdc_lld.o
 .comment       0x0000000000000000       0x3b build/obj/serial_lld.o
 .comment       0x0000000000000000       0x3b build/obj/spi_lld.o
 .comment       0x0000000000000000       0x3b build/obj/pal_lld.o
 .comment       0x0000000000000000       0x3b build/obj/i2c_lld.o
 .comment       0x0000000000000000       0x3b build/obj/usb_lld.o
 .comment       0x0000000000000000       0x3b build/obj/rtc_lld.o
 .comment       0x0000000000000000       0x3b build/obj/uart_lld.o
 .comment       0x0000000000000000       0x3b build/obj/board.o
 .comment       0x0000000000000000       0x3b build/obj/lis302dl.o
 .comment       0x0000000000000000       0x3b build/obj/chprintf.o
 .comment       0x0000000000000000       0x3b build/obj/main.o
 .comment       0x0000000000000000       0x3b /home/craig/gcc/arm/lib/gcc/arm-none-eabi/4.6.2/../../../../arm-none-eabi/lib/thumb/cortex-m4/libc.a(lib_a-memcpy.o)
 .comment       0x0000000000000000       0x3b /home/craig/gcc/arm/lib/gcc/arm-none-eabi/4.6.2/../../../../arm-none-eabi/lib/thumb/cortex-m4/libc.a(lib_a-memset.o)

.ARM.attributes
                0x0000000000000000       0x31
 .ARM.attributes
                0x0000000000000000       0x31 build/obj/crt0.o
 .ARM.attributes
                0x0000000000000031       0x31 build/obj/vectors.o
 .ARM.attributes
                0x0000000000000062       0x31 build/obj/chcore.o
 .ARM.attributes
                0x0000000000000093       0x31 build/obj/chcore_v7m.o
 .ARM.attributes
                0x00000000000000c4       0x31 build/obj/nvic.o
 .ARM.attributes
                0x00000000000000f5       0x31 build/obj/chsys.o
 .ARM.attributes
                0x0000000000000126       0x31 build/obj/chdebug.o
 .ARM.attributes
                0x0000000000000157       0x31 build/obj/chlists.o
 .ARM.attributes
                0x0000000000000188       0x31 build/obj/chvt.o
 .ARM.attributes
                0x00000000000001b9       0x31 build/obj/chschd.o
 .ARM.attributes
                0x00000000000001ea       0x31 build/obj/chthreads.o
 .ARM.attributes
                0x000000000000021b       0x31 build/obj/chdynamic.o
 .ARM.attributes
                0x000000000000024c       0x31 build/obj/chregistry.o
 .ARM.attributes
                0x000000000000027d       0x31 build/obj/chsem.o
 .ARM.attributes
                0x00000000000002ae       0x31 build/obj/chmtx.o
 .ARM.attributes
                0x00000000000002df       0x31 build/obj/chcond.o
 .ARM.attributes
                0x0000000000000310       0x31 build/obj/chevents.o
 .ARM.attributes
                0x0000000000000341       0x31 build/obj/chmsg.o
 .ARM.attributes
                0x0000000000000372       0x31 build/obj/chmboxes.o
 .ARM.attributes
                0x00000000000003a3       0x31 build/obj/chqueues.o
 .ARM.attributes
                0x00000000000003d4       0x31 build/obj/chmemcore.o
 .ARM.attributes
                0x0000000000000405       0x31 build/obj/chheap.o
 .ARM.attributes
                0x0000000000000436       0x31 build/obj/chmempools.o
 .ARM.attributes
                0x0000000000000467       0x31 build/obj/test.o
 .ARM.attributes
                0x0000000000000498       0x31 build/obj/testthd.o
 .ARM.attributes
                0x00000000000004c9       0x31 build/obj/testsem.o
 .ARM.attributes
                0x00000000000004fa       0x31 build/obj/testmtx.o
 .ARM.attributes
                0x000000000000052b       0x31 build/obj/testmsg.o
 .ARM.attributes
                0x000000000000055c       0x31 build/obj/testmbox.o
 .ARM.attributes
                0x000000000000058d       0x31 build/obj/testevt.o
 .ARM.attributes
                0x00000000000005be       0x31 build/obj/testheap.o
 .ARM.attributes
                0x00000000000005ef       0x31 build/obj/testpools.o
 .ARM.attributes
                0x0000000000000620       0x31 build/obj/testdyn.o
 .ARM.attributes
                0x0000000000000651       0x31 build/obj/testqueues.o
 .ARM.attributes
                0x0000000000000682       0x31 build/obj/testbmk.o
 .ARM.attributes
                0x00000000000006b3       0x31 build/obj/hal.o
 .ARM.attributes
                0x00000000000006e4       0x31 build/obj/adc.o
 .ARM.attributes
                0x0000000000000715       0x31 build/obj/can.o
 .ARM.attributes
                0x0000000000000746       0x31 build/obj/ext.o
 .ARM.attributes
                0x0000000000000777       0x31 build/obj/gpt.o
 .ARM.attributes
                0x00000000000007a8       0x31 build/obj/i2c.o
 .ARM.attributes
                0x00000000000007d9       0x31 build/obj/icu.o
 .ARM.attributes
                0x000000000000080a       0x31 build/obj/mac.o
 .ARM.attributes
                0x000000000000083b       0x31 build/obj/mmc_spi.o
 .ARM.attributes
                0x000000000000086c       0x31 build/obj/mmcsd.o
 .ARM.attributes
                0x000000000000089d       0x31 build/obj/pal.o
 .ARM.attributes
                0x00000000000008ce       0x31 build/obj/pwm.o
 .ARM.attributes
                0x00000000000008ff       0x31 build/obj/rtc.o
 .ARM.attributes
                0x0000000000000930       0x31 build/obj/sdc.o
 .ARM.attributes
                0x0000000000000961       0x31 build/obj/serial.o
 .ARM.attributes
                0x0000000000000992       0x31 build/obj/serial_usb.o
 .ARM.attributes
                0x00000000000009c3       0x31 build/obj/spi.o
 .ARM.attributes
                0x00000000000009f4       0x31 build/obj/tm.o
 .ARM.attributes
                0x0000000000000a25       0x31 build/obj/uart.o
 .ARM.attributes
                0x0000000000000a56       0x31 build/obj/usb.o
 .ARM.attributes
                0x0000000000000a87       0x31 build/obj/stm32_dma.o
 .ARM.attributes
                0x0000000000000ab8       0x31 build/obj/hal_lld.o
 .ARM.attributes
                0x0000000000000ae9       0x31 build/obj/adc_lld.o
 .ARM.attributes
                0x0000000000000b1a       0x31 build/obj/ext_lld_isr.o
 .ARM.attributes
                0x0000000000000b4b       0x31 build/obj/can_lld.o
 .ARM.attributes
                0x0000000000000b7c       0x31 build/obj/ext_lld.o
 .ARM.attributes
                0x0000000000000bad       0x31 build/obj/gpt_lld.o
 .ARM.attributes
                0x0000000000000bde       0x31 build/obj/icu_lld.o
 .ARM.attributes
                0x0000000000000c0f       0x31 build/obj/mac_lld.o
 .ARM.attributes
                0x0000000000000c40       0x31 build/obj/pwm_lld.o
 .ARM.attributes
                0x0000000000000c71       0x31 build/obj/sdc_lld.o
 .ARM.attributes
                0x0000000000000ca2       0x31 build/obj/serial_lld.o
 .ARM.attributes
                0x0000000000000cd3       0x31 build/obj/spi_lld.o
 .ARM.attributes
                0x0000000000000d04       0x31 build/obj/pal_lld.o
 .ARM.attributes
                0x0000000000000d35       0x31 build/obj/i2c_lld.o
 .ARM.attributes
                0x0000000000000d66       0x31 build/obj/usb_lld.o
 .ARM.attributes
                0x0000000000000d97       0x31 build/obj/rtc_lld.o
 .ARM.attributes
                0x0000000000000dc8       0x31 build/obj/uart_lld.o
 .ARM.attributes
                0x0000000000000df9       0x31 build/obj/board.o
 .ARM.attributes
                0x0000000000000e2a       0x31 build/obj/lis302dl.o
 .ARM.attributes
                0x0000000000000e5b       0x31 build/obj/chprintf.o
 .ARM.attributes
                0x0000000000000e8c       0x31 build/obj/main.o
 .ARM.attributes
                0x0000000000000ebd       0x31 /home/craig/gcc/arm/lib/gcc/arm-none-eabi/4.6.2/../../../../arm-none-eabi/lib/thumb/cortex-m4/libc.a(lib_a-memcpy.o)
 .ARM.attributes
                0x0000000000000eee       0x31 /home/craig/gcc/arm/lib/gcc/arm-none-eabi/4.6.2/../../../../arm-none-eabi/lib/thumb/cortex-m4/libc.a(lib_a-memset.o)

.debug_frame    0x0000000000000000     0x2f80
 .debug_frame   0x0000000000000000       0x50 build/obj/crt0.o
 .debug_frame   0x0000000000000050       0x20 build/obj/vectors.o
 .debug_frame   0x0000000000000070       0x20 build/obj/chcore.o
 .debug_frame   0x0000000000000090       0x98 build/obj/chcore_v7m.o
 .debug_frame   0x0000000000000128       0x64 build/obj/nvic.o
 .debug_frame   0x000000000000018c       0x5c build/obj/chsys.o
 .debug_frame   0x00000000000001e8       0x5c build/obj/chvt.o
 .debug_frame   0x0000000000000244       0xec build/obj/chschd.o
 .debug_frame   0x0000000000000330      0x160 build/obj/chthreads.o
 .debug_frame   0x0000000000000490       0x7c build/obj/chdynamic.o
 .debug_frame   0x000000000000050c       0x3c build/obj/chregistry.o
 .debug_frame   0x0000000000000548      0x130 build/obj/chsem.o
 .debug_frame   0x0000000000000678       0xec build/obj/chmtx.o
 .debug_frame   0x0000000000000764      0x114 build/obj/chcond.o
 .debug_frame   0x0000000000000878      0x1c0 build/obj/chevents.o
 .debug_frame   0x0000000000000a38       0x68 build/obj/chmsg.o
 .debug_frame   0x0000000000000aa0      0x154 build/obj/chmboxes.o
 .debug_frame   0x0000000000000bf4      0x170 build/obj/chqueues.o
 .debug_frame   0x0000000000000d64       0x50 build/obj/chmemcore.o
 .debug_frame   0x0000000000000db4       0x98 build/obj/chheap.o
 .debug_frame   0x0000000000000e4c       0x90 build/obj/chmempools.o
 .debug_frame   0x0000000000000edc      0x1dc build/obj/test.o
 .debug_frame   0x00000000000010b8       0xc4 build/obj/testthd.o
 .debug_frame   0x000000000000117c      0x13c build/obj/testsem.o
 .debug_frame   0x00000000000012b8      0x39c build/obj/testmtx.o
 .debug_frame   0x0000000000001654       0x48 build/obj/testmsg.o
 .debug_frame   0x000000000000169c       0x48 build/obj/testmbox.o
 .debug_frame   0x00000000000016e4      0x10c build/obj/testevt.o
 .debug_frame   0x00000000000017f0       0x44 build/obj/testheap.o
 .debug_frame   0x0000000000001834       0x50 build/obj/testpools.o
 .debug_frame   0x0000000000001884       0xdc build/obj/testdyn.o
 .debug_frame   0x0000000000001960       0xdc build/obj/testqueues.o
 .debug_frame   0x0000000000001a3c      0x2b4 build/obj/testbmk.o
 .debug_frame   0x0000000000001cf0       0x54 build/obj/hal.o
 .debug_frame   0x0000000000001d44      0x118 build/obj/adc.o
 .debug_frame   0x0000000000001e5c      0x114 build/obj/can.o
 .debug_frame   0x0000000000001f70       0x4c build/obj/pal.o
 .debug_frame   0x0000000000001fbc       0xb0 build/obj/pwm.o
 .debug_frame   0x000000000000206c      0x1a8 build/obj/spi.o
 .debug_frame   0x0000000000002214      0x208 build/obj/usb.o
 .debug_frame   0x000000000000241c      0x230 build/obj/stm32_dma.o
 .debug_frame   0x000000000000264c       0x3c build/obj/hal_lld.o
 .debug_frame   0x0000000000002688      0x120 build/obj/adc_lld.o
 .debug_frame   0x00000000000027a8      0x15c build/obj/can_lld.o
 .debug_frame   0x0000000000002904       0xb0 build/obj/pwm_lld.o
 .debug_frame   0x00000000000029b4      0x13c build/obj/spi_lld.o
 .debug_frame   0x0000000000002af0       0x4c build/obj/pal_lld.o
 .debug_frame   0x0000000000002b3c      0x268 build/obj/usb_lld.o
 .debug_frame   0x0000000000002da4       0x30 build/obj/board.o
 .debug_frame   0x0000000000002dd4       0x58 build/obj/lis302dl.o
 .debug_frame   0x0000000000002e2c       0x50 build/obj/chprintf.o
 .debug_frame   0x0000000000002e7c       0xac build/obj/main.o
 .debug_frame   0x0000000000002f28       0x2c /home/craig/gcc/arm/lib/gcc/arm-none-eabi/4.6.2/../../../../arm-none-eabi/lib/thumb/cortex-m4/libc.a(lib_a-memcpy.o)
 .debug_frame   0x0000000000002f54       0x2c /home/craig/gcc/arm/lib/gcc/arm-none-eabi/4.6.2/../../../../arm-none-eabi/lib/thumb/cortex-m4/libc.a(lib_a-memset.o)

Cross Reference Table

Symbol                                            File
ADCD1                                             build/obj/adc_lld.o
BusFaultVector                                    build/obj/vectors.o
CAND1                                             build/obj/can_lld.o
DebugMonitorVector                                build/obj/vectors.o
HardFaultVector                                   build/obj/vectors.o
MemManageVector                                   build/obj/vectors.o
NMIVector                                         build/obj/vectors.o
PWMD4                                             build/obj/pwm_lld.o
PendSVVector                                      build/obj/vectors.o
ResetHandler                                      build/obj/crt0.o
                                                  build/obj/vectors.o
SPID2                                             build/obj/spi_lld.o
SVCallVector                                      build/obj/chcore_v7m.o
                                                  build/obj/vectors.o
SysTickVector                                     build/obj/chcore_v7m.o
                                                  build/obj/vectors.o
TestThread                                        build/obj/test.o
USBD1                                             build/obj/usb_lld.o
                                                  build/obj/main.o
UsageFaultVector                                  build/obj/vectors.o
Vector100                                         build/obj/vectors.o
Vector104                                         build/obj/vectors.o
Vector108                                         build/obj/vectors.o
Vector10C                                         build/obj/vectors.o
Vector110                                         build/obj/vectors.o
Vector114                                         build/obj/vectors.o
Vector118                                         build/obj/vectors.o
Vector11C                                         build/obj/vectors.o
Vector120                                         build/obj/stm32_dma.o
                                                  build/obj/vectors.o
Vector124                                         build/obj/stm32_dma.o
                                                  build/obj/vectors.o
Vector128                                         build/obj/stm32_dma.o
                                                  build/obj/vectors.o
Vector12C                                         build/obj/stm32_dma.o
                                                  build/obj/vectors.o
Vector130                                         build/obj/stm32_dma.o
                                                  build/obj/vectors.o
Vector134                                         build/obj/vectors.o
Vector138                                         build/obj/vectors.o
Vector13C                                         build/obj/vectors.o
Vector140                                         build/obj/vectors.o
Vector144                                         build/obj/vectors.o
Vector148                                         build/obj/vectors.o
Vector14C                                         build/obj/usb_lld.o
                                                  build/obj/vectors.o
Vector150                                         build/obj/stm32_dma.o
                                                  build/obj/vectors.o
Vector154                                         build/obj/stm32_dma.o
                                                  build/obj/vectors.o
Vector158                                         build/obj/stm32_dma.o
                                                  build/obj/vectors.o
Vector15C                                         build/obj/vectors.o
Vector160                                         build/obj/vectors.o
Vector164                                         build/obj/vectors.o
Vector168                                         build/obj/vectors.o
Vector16C                                         build/obj/vectors.o
Vector170                                         build/obj/vectors.o